================================================================================
OpenSMT-Migrated CVC5 求解器超时分析报告
================================================================================
问题文件: example1.smt2
追踪文件: trace1.log
分析时间: 2025

================================================================================
一、问题概述
================================================================================

1. 问题特征
   - 逻辑类型: QF_LRA (Quantifier-Free Linear Real Arithmetic)
   - 预期结果: unsat
   - 问题规模: 约 11,799 行，包含大量变量和约束
   - 变量类型: 
     * s1_obj 到 s38_obj (38个二进制变量，约束为 0 或 1)
     * s39_nutr 到 s44_nutr (6个营养变量)
     * s45_secrt 到 s52_secrt (8个分泌变量)
     * 大量反应变量 r* (超过 1000 个)

2. 失败现象
   - OpenSMT 原始求解器: 成功求解 (unsat)
   - OpenSMT-Migrated CVC5: 超时

================================================================================
二、追踪日志分析
================================================================================

1. 求解过程特征
   - 追踪日志包含 16,964 行，显示大量 TheoryEngine::solve 调用
   - 大量调用返回 0 (表示无法立即解决，需要进一步推理)
   - 约 3,180 个约束被断言到理论求解器

2. 关键观察
   a) 约束断言模式
      - 每个二进制变量产生两个约束:
        * (>= sX_obj 0)
        * (>= (* (- 1) sX_obj) (- 1))  // 等价于 (<= sX_obj 1)
      - 这些约束通过 TheoryEngine::assertToTheory 传递

   b) 复杂约束 [3178]
      - 最后一个主要约束包含:
        * 数千个变量项
        * 大量分数系数 (如 (/ (- 1) 100000), (/ (- 3) 50000) 等)
        * 非常长的线性组合表达式
        * 右端项为 30
      - 这种规模的约束可能导致:
        * 内存分配问题
        * 数值精度问题
        * 求解器内部数据结构膨胀

   c) 最终约束 [3179] 和 [3180]
      - (not (>= s27_obj 1))
      - (not (>= s50_secrt 1))
      - 这些约束与前面的约束可能形成矛盾，但求解器未能及时检测

3. 性能瓶颈识别
   a) 理论求解调用频率
      - TheoryEngine::solve 被频繁调用
      - 许多调用返回 0，表示需要延迟处理
      - 可能表明:
        * 约束传播效率低
        * 冲突检测机制不够积极
        * 缺乏有效的剪枝策略

   b) 约束处理顺序
      - 追踪显示约束按顺序处理
      - 没有明显的批量优化或预处理
      - 可能导致:
        * 重复计算
        * 无法利用约束间的结构信息

   c) 数值计算复杂度
      - 大量分数系数增加了计算复杂度
      - 小分母 (如 100000, 50000) 可能导致:
        * 数值精度问题
        * 计算开销增加

================================================================================
三、OpenSMT vs CVC5 差异分析
================================================================================

1. 理论求解器架构差异
   a) OpenSMT LRA 求解器特点:
      - 专门优化的 Simplex 算法
      - 高效的约束传播机制
      - 积极的冲突检测
      - 可能使用了特殊的预处理技术

   b) CVC5 理论求解器特点 (迁移后):
      - 通用理论框架
      - 可能缺少 OpenSMT 特定的优化
      - TheoryEngine::solve 可能不是最优路径
      - 约束处理可能更保守

2. 可能的缺失功能
   a) 约束简化
      - OpenSMT 可能在断言前进行约束简化
      - CVC5 迁移版本可能缺少此步骤

   b) 早期冲突检测
      - OpenSMT 可能在约束断言阶段就检测冲突
      - CVC5 可能延迟到 check() 阶段

   c) 特殊数据结构
      - OpenSMT 可能使用了针对 LRA 优化的数据结构
      - CVC5 可能使用更通用的结构

   d) 数值稳定性处理
      - OpenSMT 可能对分数系数有特殊处理
      - CVC5 可能使用标准的有理数运算，效率较低

================================================================================
四、根本原因推测
================================================================================

1. 主要问题: 约束处理效率低下
   - 大量 TheoryEngine::solve 调用返回 0
   - 表明约束无法立即处理，需要累积更多信息
   - 这导致求解器在搜索空间中低效探索

2. 次要问题: 复杂约束处理
   - 约束 [3178] 规模过大
   - 可能触发 CVC5 内部的低效路径
   - 数值计算开销大

3. 架构问题: 理论求解器集成
   - TheoryEngine::solve 可能不是处理 LRA 约束的最优接口
   - 缺少 OpenSMT 中的直接约束处理路径
   - 理论传播机制可能不够积极

================================================================================
五、修复建议
================================================================================

1. 短期修复 (高优先级)
   a) 优化 TheoryEngine::solve 实现
      - 对于简单约束 (如边界约束)，直接处理而不返回 0
      - 实现早期冲突检测
      - 减少不必要的理论传播调用

   b) 约束预处理
      - 在断言前简化约束
      - 合并相似的约束
      - 识别并利用约束结构

   c) 数值优化
      - 对分数系数进行归一化
      - 使用更高效的数值表示
      - 实现数值稳定性检查

2. 中期修复 (中优先级)
   a) 实现 OpenSMT 风格的约束处理
      - 直接断言到 LRA 理论求解器
      - 绕过 TheoryEngine::solve 的通用路径
      - 实现专门的 LRA 约束处理函数

   b) 改进冲突检测
      - 实现更积极的冲突检测
      - 在约束断言阶段检测矛盾
      - 使用更高效的冲突分析

   c) 数据结构优化
      - 使用针对 LRA 优化的数据结构
      - 实现约束索引和快速查找
      - 优化内存使用

3. 长期修复 (低优先级)
   a) 完整迁移 OpenSMT Simplex 算法
      - 实现 OpenSMT 的 Simplex 决策过程
      - 迁移相关的优化技术
      - 保持 OpenSMT 的性能特征

   b) 理论求解器重构
      - 为 LRA 创建专门的理论求解器接口
      - 减少通用框架的开销
      - 实现理论特定的优化

   c) 性能分析工具
      - 添加性能分析工具
      - 识别瓶颈
      - 指导优化工作

================================================================================
六、具体代码修复建议
================================================================================

1. TheoryEngine::solve 优化
   位置: cvc5/src/theory/theory_engine.cpp:864-891
   建议:
   - 对于 LRA 边界约束，直接调用理论求解器而不返回 0
   - 实现约束分类和快速路径
   - 添加早期冲突检测

2. 约束断言优化
   位置: 理论断言处理流程
   建议:
   - 在断言前检查约束是否与现有约束矛盾
   - 实现约束简化
   - 批量处理相似约束

3. 数值计算优化
   位置: 有理数运算相关代码
   建议:
   - 实现系数归一化
   - 使用更高效的数值表示
   - 添加数值稳定性检查

4. 冲突检测增强
   位置: 理论检查流程
   建议:
   - 在约束断言时立即检查冲突
   - 实现增量冲突检测
   - 优化冲突分析算法

================================================================================
七、测试和验证建议
================================================================================

1. 单元测试
   - 测试简单边界约束的处理
   - 测试复杂约束的处理
   - 测试冲突检测的正确性

2. 性能测试
   - 对比 OpenSMT 和迁移版本的性能
   - 分析瓶颈
   - 验证优化效果

3. 回归测试
   - 确保修复不破坏其他功能
   - 测试各种 LRA 问题
   - 验证数值稳定性

================================================================================
八、优先级总结
================================================================================

最高优先级:
1. 优化 TheoryEngine::solve 对简单约束的处理
2. 实现早期冲突检测
3. 优化数值计算

高优先级:
4. 实现约束预处理
5. 优化约束断言流程
6. 改进冲突检测机制

中优先级:
7. 实现 OpenSMT 风格的约束处理
8. 数据结构优化
9. 理论求解器集成优化

低优先级:
10. 完整迁移 OpenSMT Simplex 算法
11. 理论求解器重构
12. 性能分析工具

================================================================================
结束
================================================================================

