================================================================================
OpenSMT 到 cvc5 的 LRA 求解器优化迁移日志
================================================================================
生成时间: 2025-01-XX
目的: 记录从 OpenSMT 迁移到 cvc5 的代码变更，用于未来调试

================================================================================
迁移阶段 1: 准基变量（Quasi-Basic Variables）优化
================================================================================

【变更文件】
1. cvc5/src/theory/arith/linear/tableau.h
   - 添加 VarType 枚举（NONE, BASIC, NONBASIC, QUASIBASIC）
   - 添加 d_varTypes 向量跟踪变量类型
   - 添加 isQuasiBasic(), quasiToBasic(), basicToQuasi() 方法
   - 添加 getRowSize() 和 getColumnLength() 辅助方法
   - 添加 ensureVarTypesSize() 和 normalizeRowForQuasiBasic() 私有方法

2. cvc5/src/theory/arith/linear/tableau.cpp
   - 实现 quasiToBasic(): 将准基变量转换为基变量
   - 实现 basicToQuasi(): 将基变量转换为准基变量
   - 实现 ensureVarTypesSize(): 确保 varTypes 向量足够大
   - 实现 normalizeRowForQuasiBasic(): 规范化行（占位符实现）
   - 更新 addRow(): 初始化 varTypes 为 BASIC

【迁移说明】
- 准基变量优化允许在变量所有边界都未激活时，暂时不维护其单纯形表行
- 需要时可以通过 quasiToBasic() 快速恢复为基变量
- 减少不必要的计算和维护开销

【注意事项】
- cvc5 的 Tableau 实现基于 Matrix<Rational>，与 OpenSMT 的多项式表示不同
- 当前实现是基础框架，完整的列索引管理需要进一步集成
- 需要与边界激活/停用逻辑集成才能完全生效

================================================================================
迁移阶段 2: 最短多项式选择策略
================================================================================

【变更文件】
1. cvc5/src/theory/arith/linear/error_set.h
   - 添加 d_tableau 指针成员（用于访问行大小）
   - 添加 setTableau() 方法设置 Tableau 引用
   - 添加 getRowSize() 方法获取行大小

2. cvc5/src/theory/arith/linear/error_set.cpp
   - 更新 ErrorSet 构造函数：初始化 d_tableau 为 nullptr
   - 实现 getRowSize(): 返回基变量行的大小（非零项数量）
   - 更新 recomputeAmount(): 添加 SHORTEST_POLY 注释说明

【迁移说明】
- 最短多项式选择策略优先选择行多项式最短的基变量进行修复
- 短多项式通常更容易修复，减少转轴次数
- 对应 OpenSMT 的 Simplex::getBasicVarToFixByShortestPoly()

【注意事项】
- SHORTEST_POLY 选项尚未添加到 arith_options.toml
- 当前可以通过 TableauSizes 作为后备方案
- 需要在 ComparatorPivotRule 中添加 SHORTEST_POLY 分支（待选项添加后）

================================================================================
迁移阶段 3: 列长度启发式转轴选择（已存在）
================================================================================

【发现】
- cvc5 已经实现了列长度启发式！
- minBoundAndColLength() 方法已经考虑了列长度
- minColLength() 使用 getColLength() 来选择列长度最短的变量
- 对应 OpenSMT 的 findNonBasicForPivotByHeuristic()

【验证】
- LinearEqualityModule::minColLength() 使用 d_tableau.getColLength() 比较列长度
- minBoundAndColLength() 优先选择无边界变量，然后使用 minColLength()
- 在 dual_simplex.cpp 中已使用 minBoundAndColLength 作为偏好函数

【结论】
- 列长度启发式已在 cvc5 中实现，无需额外迁移
- 与 OpenSMT 的实现思路一致

================================================================================
迁移阶段 4: 边界激活缓冲区机制
================================================================================

【变更文件】
1. cvc5/src/theory/arith/linear/dual_simplex.h
   - 添加 d_boundBuffer 成员：存储待处理的边界激活对 (ArithVar, ConstraintP)
   - 添加 processBoundBuffer() 方法声明

2. cvc5/src/theory/arith/linear/dual_simplex.cpp
   - 实现 processBoundBuffer(): 批量处理缓冲的边界激活
   - 在 searchForFeasibleSolution() 开始时调用 processBoundBuffer()
   - 添加必要的头文件包含

【迁移说明】
- 边界激活缓冲区允许批量处理边界激活操作
- 在 searchForFeasibleSolution() 开始时统一处理所有激活的边界
- 对应 OpenSMT 的 processBufferOfActivatedBounds()

【注意事项】
- cvc5 使用 ErrorSet 的信号机制，与 OpenSMT 的实现略有不同
- 当前实现是基础框架，完整的集成需要与边界断言逻辑配合
- 缓冲区需要在适当的时候清空（如回溯时）

================================================================================
待实现功能
================================================================================

1. 列长度启发式转轴选择
   - ✅ 已在 cvc5 中实现（minBoundAndColLength）

2. 边界激活缓冲区机制
   - ✅ 基础框架已实现
   - ⚠️ 需要与边界断言逻辑完整集成

3. 准基变量完整集成
   - 需要与边界激活/停用逻辑集成
   - 需要实现完整的列索引管理
   - 需要与 LinearEqualityModule 集成

4. 最短多项式选择规则选项
   - 需要在 arith_options.toml 中添加 SHORTEST_POLY 选项
   - 需要在 ComparatorPivotRule 中实现比较逻辑

================================================================================
参考实现
================================================================================

OpenSMT 关键文件:
- opensmt/src/tsolvers/lasolver/Tableau.h (VarType, quasiToBasic, basicToQuasi)
- opensmt/src/tsolvers/lasolver/Tableau.cc (实现细节)
- opensmt/src/tsolvers/lasolver/Simplex.h (boundActivated, boundDeactivated)
- opensmt/src/tsolvers/lasolver/Simplex.cc (getBasicVarToFixByShortestPoly)

cvc5 对应文件:
- cvc5/src/theory/arith/linear/tableau.h (已修改)
- cvc5/src/theory/arith/linear/tableau.cpp (已修改)
- cvc5/src/theory/arith/linear/error_set.h (已修改)
- cvc5/src/theory/arith/linear/error_set.cpp (已修改)
- cvc5/src/theory/arith/linear/dual_simplex.cpp (待修改)
- cvc5/src/theory/arith/linear/linear_equality.h (待修改)

================================================================================
迁移总结
================================================================================

【已完成迁移】
1. ✅ 准基变量（Quasi-Basic Variables）优化
   - 添加了 VarType 枚举和 varTypes 跟踪
   - 实现了 quasiToBasic() 和 basicToQuasi() 方法
   - 基础框架已就位，需要进一步集成

2. ✅ 最短多项式选择策略
   - 在 ErrorSet 中添加了 getRowSize() 方法
   - 添加了 Tableau 引用支持
   - 待选项系统添加 SHORTEST_POLY 选项后完整启用

3. ✅ 列长度启发式转轴选择
   - 已在 cvc5 中实现（minBoundAndColLength）
   - 无需额外迁移

4. ✅ 边界激活缓冲区机制
   - 添加了 d_boundBuffer 数据结构
   - 实现了 processBoundBuffer() 方法
   - 在 searchForFeasibleSolution() 中集成

================================================================================
已知问题和限制
================================================================================

1. 准基变量实现是简化版本，完整的列索引管理需要进一步工作
2. SHORTEST_POLY 选项尚未添加到选项系统（需要在 arith_options.toml 中添加）
3. 边界激活缓冲区需要与边界断言逻辑完整集成
4. 需要测试验证所有变更的正确性
5. 准基变量需要与边界激活/停用逻辑完整集成

================================================================================
下一步行动
================================================================================

1. ✅ 完成列长度启发式转轴选择实现（已在 cvc5 中实现）
2. ✅ 实现边界激活缓冲区机制（基础框架已完成）
3. ⚠️ 完善准基变量与边界管理的集成
4. ⚠️ 添加 SHORTEST_POLY 选项到选项系统
5. ⚠️ 编写单元测试验证功能
6. ⚠️ 运行回归测试确保兼容性
7. ⚠️ 性能基准测试验证改进
8. ⚠️ 完善边界激活缓冲区与边界断言逻辑的集成

================================================================================
代码变更统计
================================================================================

修改的文件:
1. cvc5/src/theory/arith/linear/tableau.h (添加准基变量支持)
2. cvc5/src/theory/arith/linear/tableau.cpp (实现准基变量方法)
3. cvc5/src/theory/arith/linear/error_set.h (添加最短多项式支持)
4. cvc5/src/theory/arith/linear/error_set.cpp (实现最短多项式方法)
5. cvc5/src/theory/arith/linear/dual_simplex.h (添加边界缓冲区)
6. cvc5/src/theory/arith/linear/dual_simplex.cpp (实现边界缓冲区)

新增功能:
- 准基变量类型跟踪和转换
- 行大小查询（用于最短多项式选择）
- 边界激活缓冲区机制

================================================================================

