================================================================================
OpenSMT 到 cvc5 LRA求解理论代码迁移日志 - 阶段2及后续
================================================================================
迁移日期: 2025年
基于文档: opensmt_to_cvc5.log, code_migration_1.log
用途: 记录阶段2及后续迁移的详细细节,用于未来调试和参考

================================================================================
迁移概述
================================================================================

阶段1(最短多项式启发式)已通过测试,但效率仍有提升空间。
本次迁移实施阶段2:准基本变量机制,这是一个高优先级、高难度的优化,
预期能够显著减少pivot操作次数,提高求解效率。

================================================================================
阶段2: 准基本变量机制实现
================================================================================

目标: 在cvc5中实现准基本变量机制,减少对无边界约束变量的表格维护开销

核心思想:
- 准基本变量是没有活动边界的基本变量
- 当基本变量的所有边界都被停用时,可以转换为准基本变量
- 当准基本变量重新获得活动边界时,再转换回基本变量
- 这减少了表格的维护开销,避免了对无边界约束变量的pivot操作

迁移步骤:

步骤2.1: 在Tableau中添加准基本变量支持 (部分完成)
----------------------------------------------------
文件: cvc5/src/theory/arith/linear/tableau.h/.cpp
位置: Tableau类定义和实现

操作: 
1. 添加d_quasiBasic2RowIndex映射来跟踪准基本变量
2. 实现isQuasiBasic(), isNonBasic()方法
3. 实现quasiToBasic()和basicToQuasi()方法
4. 修改basicRowIterator()和basicFindEntry()支持准基本变量
5. 修改addRow()和removeBasicRow()处理准基本变量

实现细节:
- 准基本变量有行在Tableau中,但不在d_basic2RowIndex中,而是在d_quasiBasic2RowIndex中
- quasiToBasic(): 将准基本变量从d_quasiBasic2RowIndex移动到d_basic2RowIndex
- basicToQuasi(): 将基本变量从d_basic2RowIndex移动到d_quasiBasic2RowIndex
- 注意: 在cvc5的Matrix实现中,entry自动添加到行和列的双向链表中,所以需要特别注意列的处理

状态: [部分完成] 2025年
问题: 需要进一步测试和验证,特别是列的双向链表处理

步骤2.2: 在TheoryArithPrivate中实现边界激活计数机制
----------------------------------------------------
文件: cvc5/src/theory/arith/linear/theory_arith_private.h/.cpp

操作: 添加边界激活计数和转换逻辑

状态: [待执行]

步骤2.3: 在TheoryArithPrivate中实现边界激活计数机制
---------------------------------------------------
文件: cvc5/src/theory/arith/linear/theory_arith_private.h/.cpp

操作: 添加边界激活计数和转换逻辑

状态: [待执行]

步骤2.4-2.6: 集成到相关模块
---------------------------
- 修改ErrorSet跳过准基本变量
- 修改selectSlack方法考虑准基本变量
- 在LinearEqualityModule中协调转换

状态: [待执行]

================================================================================
实施细节记录
================================================================================

2025年 - 阶段2部分实施

已完成的步骤:

1. Tableau准基本变量支持 (部分完成)
   - 在tableau.h中添加了d_quasiBasic2RowIndex映射
   - 实现了isQuasiBasic(), isNonBasic()查询方法
   - 实现了quasiToBasic()和basicToQuasi()转换方法(简化版本)
   - 修改了basicRowIterator()和basicFindEntry()支持准基本变量
   - 修改了addRow()检查准基本变量
   - 修改了removeBasicRow()处理准基本变量

实现位置:
- cvc5/src/theory/arith/linear/tableau.h: 添加了准基本变量映射和方法声明
- cvc5/src/theory/arith/linear/tableau.cpp: 实现了准基本变量转换方法

当前问题:
1. quasiToBasic()和basicToQuasi()的实现是简化版本,需要进一步验证
2. 需要确保Matrix的列双向链表正确处理准基本变量
3. 需要实现边界激活计数机制
4. 需要修改ErrorSet和selectSlack方法

待完成的步骤:

2. TheoryArithPrivate边界激活计数 (待实现)
   - 需要添加DenseMap<uint32_t> d_boundsActivated成员
   - 在AssertLower/AssertUpper/AssertEquality中增加计数
   - 实现boundActivated()和boundDeactivated()方法
   - 在计数变化时调用quasiToBasic()或basicToQuasi()

3. ErrorSet和selectSlack修改 (待实现)
   - 修改transitionVariableIntoError()跳过准基本变量
   - 修改selectSlack()方法考虑准基本变量
   - 在LinearEqualityModule中协调转换

4. 测试和验证 (待完成)
   - 测试准基本变量转换的正确性
   - 测试边界激活/停用场景
   - 测试回退机制
   - 性能对比测试

技术挑战:
1. cvc5的Matrix使用双向链表管理行和列,需要确保准基本变量不会破坏这个结构
2. 准基本变量的行应该不在列的双向链表中,但在cvc5中Matrix自动管理这些关系
3. 需要仔细处理quasiToBasic()和basicToQuasi()时列的双向链表更新

建议:
- 先实现一个最小可用版本,只添加基本支持,不破坏现有功能
- 逐步测试和验证每个部分
- 考虑使用feature flag控制准基本变量功能的启用/禁用

================================================================================
编译状态
================================================================================

当前编译状态: 通过
- tableau.h: 无linter错误
- tableau.cpp: 无linter错误
- 但是实现还不完整,需要进一步测试

注意: 当前的实现是部分实现,可能在某些场景下不能正常工作。
需要完成所有相关部分的实现和测试后才能正式使用。

================================================================================
下一步行动
================================================================================

由于准基本变量机制是一个复杂的迁移任务,建议:

1. 先验证当前Tableau的修改不会破坏现有功能
2. 完成边界激活计数机制的实现
3. 修改ErrorSet和selectSlack方法
4. 进行全面的测试

如果时间有限,可以考虑:
- 先完成阶段3(独立性启发式优化),这个相对简单
- 准基本变量机制可以作为后续优化项目

