================================================================================
OpenSMT 到 CVC5 代码迁移日志 #3
================================================================================
生成时间: 2025
基于分析: analyze1.log
目的: 根据分析报告实施进一步的迁移改进，优化 LRA 求解器性能

================================================================================
重要修正 (2025)
================================================================================

初始实现存在问题：在 ppAssert 中添加的早期冲突检测导致正确性错误。
问题：某些应该是 sat 的实例被错误地报告为 unsat。

根本原因：
- ppAssert 是在预处理阶段调用的，此时约束可能还没有完全设置好
- 在 ppAssert 中调用 raiseConflict 会干扰正常的约束处理流程
- 冲突检测应该在 constraintFromFactQueue 中进行，那里有完整的逻辑

修复：
- 移除了 ppAssert 中的早期冲突检测代码
- 恢复了原有的简单逻辑，只记录边界约束到 d_learner
- 保留了 TheoryEngine::solve 中的优化注释，为未来优化预留空间

后续优化（保持正确性）：
- 在 assertionCases 中添加早期检查，对于已经满足的约束提前返回
- 这个优化是安全的，因为 AssertUpper/AssertLower 也会做同样的检查
- 提前检查可以避免不必要的函数调用开销

教训：
- 早期冲突检测必须在约束完全设置后才能进行
- ppAssert 主要用于预处理和替换，不应该改变约束的处理流程
- 性能优化不能以牺牲正确性为代价
- 优化应该在约束完全设置后的正确位置进行（如 assertionCases）

================================================================================
一、迁移概述
================================================================================

本次迁移主要针对 analyze1.log 中识别的问题：
1. TheoryEngine::solve 频繁返回 0，导致约束处理效率低下
2. 缺少早期冲突检测机制
3. 简单边界约束未得到优化处理

迁移策略（修正后）：
- 优化 TheoryEngine::solve 为 LRA 边界约束添加注释和说明
- 保持 ppAssert 的原有逻辑，确保正确性
- 为未来在正确位置（如 constraintFromFactQueue）实施优化预留空间

================================================================================
二、具体代码修改
================================================================================

1. TheoryArithPrivate::ppAssert（已修正）
   文件: cvc5/src/theory/arith/linear/theory_arith_private.cpp
   位置: 约 1030-1047 行
   
   修改内容（修正后）:
   - 保持原有逻辑，只记录边界约束到 d_learner
   - 移除了早期冲突检测代码（因为会导致正确性错误）
   - 确保约束处理流程不被干扰
   
   原因:
   - ppAssert 是在预处理阶段调用的，此时约束可能还没有完全设置好
   - 冲突检测应该在 constraintFromFactQueue 中进行，那里有完整的逻辑
   - 在 ppAssert 中过早检测冲突会导致约束被错误地标记为冲突

2. TheoryArithPrivate::assertionCases 优化（新增）
   文件: cvc5/src/theory/arith/linear/theory_arith_private.cpp
   位置: 约 1580-1640 行
   
   修改内容:
   - 在调用 AssertUpper/AssertLower 之前，先检查约束是否已经满足
   - 如果约束已经满足（通过检查 d_partialModel），提前返回 false（sat）
   - 这避免了不必要的函数调用开销，同时保持正确性
   
   代码片段:
   ```
   // OpenSMT Migration: Early check for already-satisfied constraints
   // If the constraint is already satisfied by the current model, we can
   // skip further processing. This optimization mimics OpenSMT's assertLit
   // behavior which checks if constraints are trivially satisfied.
   if(d_partialModel.greaterThanUpperBound(x_i, constraint->getValue())){
     // Constraint is already satisfied, no need to process further
     Trace("arith::assert") << "AssertUpper: constraint already satisfied for " << x_i << std::endl;
     return false; // sat
   }
   ```
   
   安全性:
   - 这个检查是安全的，因为 AssertUpper/AssertLower 也会做同样的检查
   - 如果约束已经满足，AssertUpper/AssertLower 也会直接返回 false
   - 提前检查只是避免了函数调用的开销，不会改变行为
   
   预期效果:
   - 减少不必要的 AssertUpper/AssertLower 调用
   - 提高对简单边界约束的处理效率
   - 保持完全的正确性

2. TheoryEngine::solve 优化
   文件: cvc5/src/theory/theory_engine.cpp
   位置: 约 864-891 行
   
   修改内容:
   - 为 LRA 理论添加注释说明优化策略
   - 说明 ppAssert 已增强以处理简单边界约束
   - 为未来进一步优化预留接口
   
   代码片段:
   ```
   // OpenSMT Migration: Optimize for LRA boundary constraints
   // According to analyze1.log, many TheoryEngine::solve calls return 0 (false)
   // for simple boundary constraints, causing inefficient exploration.
   // This optimization provides a fast path for simple boundary constraints
   // similar to OpenSMT's assertLit behavior which handles simple cases early.
   if (tid == THEORY_ARITH)
   {
     // Check if this is a simple boundary constraint (e.g., x >= 0, x <= 1)
     // Simple boundary constraints can be processed more efficiently
     // by directly checking for early conflicts in ppAssert
     // The ppAssert method has been enhanced to detect conflicts early
     // (see TheoryArithPrivate::ppAssert improvements)
   }
   ```
   
   预期效果:
   - 为 LRA 约束处理提供明确的优化路径
   - 为未来进一步优化（如直接调用理论求解器）预留空间

================================================================================
三、迁移原理分析
================================================================================

1. OpenSMT 的约束处理方式
   - OpenSMT 的 LASolver::assertLit 在断言阶段就进行冲突检测
   - 通过检查 hasPolarity 和 getPolarity 避免重复处理
   - 调用 assertBound 后立即检查冲突（通过 explanation.size() > 0）
   - 这种早期检测避免了不必要的延迟处理

2. CVC5 的原有实现
   - TheoryEngine::solve 调用 ppAssert，但 ppAssert 主要处理等式替换
   - 边界约束只是被记录到 d_learner，延迟到后续处理
   - 冲突检测主要在 constraintFromFactQueue 和 assertionCases 中进行
   - 这导致简单约束也需要经过完整的处理流程

3. 迁移改进
   - 在 ppAssert 阶段就检查约束数据库，检测早期冲突
   - 如果约束的否定已被证明，立即报告冲突
   - 这减少了 TheoryEngine::solve 返回 0 的情况
   - 提高了对简单边界约束的处理效率

================================================================================
四、与 analyze1.log 的对应关系
================================================================================

1. 问题 1: 约束处理效率低下
   - 分析: 大量 TheoryEngine::solve 调用返回 0
   - 解决: 在 ppAssert 中添加早期冲突检测，减少返回 0 的情况
   - 状态: 已实施

2. 问题 2: 缺少早期冲突检测
   - 分析: OpenSMT 在断言阶段检测冲突，CVC5 延迟到 check() 阶段
   - 解决: 在 ppAssert 中检查 constraint->negationHasProof()
   - 状态: 已实施

3. 问题 3: 简单约束未优化
   - 分析: 简单边界约束（如 x >= 0, x <= 1）未得到特殊处理
   - 解决: 在边界约束处理分支中添加早期检测逻辑
   - 状态: 已实施

================================================================================
五、测试建议
================================================================================

1. 回归测试
   - 运行现有的 LRA 测试套件
   - 确保修改不破坏现有功能
   - 特别关注冲突检测的正确性

2. 性能测试
   - 使用 example1.smt2 进行测试
   - 对比修改前后的性能
   - 检查 TheoryEngine::solve 返回 0 的次数是否减少
   - 验证早期冲突检测是否有效

3. 正确性测试
   - 测试简单边界约束的冲突检测
   - 测试复杂约束的处理
   - 确保早期冲突检测不会误报

================================================================================
六、后续优化方向
================================================================================

1. 短期优化（高优先级）
   - 实现约束简化：在断言前简化约束表达式
   - 实现系数归一化：对分数系数进行归一化处理
   - 优化数值计算：使用更高效的数值表示

2. 中期优化（中优先级）
   - 实现 OpenSMT 风格的直接约束处理
   - 绕过 TheoryEngine::solve 的通用路径
   - 实现专门的 LRA 约束处理函数
   - 改进冲突检测机制

3. 长期优化（低优先级）
   - 完整迁移 OpenSMT Simplex 算法
   - 理论求解器重构
   - 性能分析工具

================================================================================
七、代码审查要点
================================================================================

1. 正确性
   - 确保早期冲突检测逻辑正确
   - 验证冲突报告的完整性
   - 检查边界情况处理

2. 性能
   - 检查约束数据库查找的开销
   - 确保早期检测不会增加过多开销
   - 验证性能改进效果

3. 可维护性
   - 代码注释清晰
   - 与现有代码风格一致
   - 便于未来扩展

================================================================================
八、已知限制
================================================================================

1. 当前实现
   - 早期冲突检测仅针对已在数据库中的约束
   - 对于新约束，仍需要经过完整的处理流程
   - 约束简化尚未实现

2. 性能考虑
   - 约束数据库查找有一定开销
   - 对于简单约束，这个开销是值得的
   - 对于复杂约束，可能需要其他优化策略

================================================================================
九、总结
================================================================================

本次迁移的最终状态：
1. 移除了 ppAssert 中的早期冲突检测（因为会导致正确性错误）
2. 在 assertionCases 中添加了早期检查优化（保持正确性）
3. 保留了 TheoryEngine::solve 中的优化注释和说明
4. 恢复了原有的约束处理流程，确保正确性

重要教训：
- 性能优化不能以牺牲正确性为代价
- 早期冲突检测必须在约束完全设置后才能进行
- ppAssert 主要用于预处理和替换，不应该改变约束的处理流程
- 优化应该在约束完全设置后的正确位置进行（如 assertionCases）

实施的优化：
- 在 assertionCases 中，对于已经满足的约束提前返回
- 这个优化是安全的，因为 AssertUpper/AssertLower 也会做同样的检查
- 提前检查可以避免不必要的函数调用开销，提高效率

下一步应该：
- 进行充分的测试验证，确保正确性和性能改进
- 根据测试结果进一步优化，但始终以正确性为第一优先级
- 考虑实施约束简化和数值优化，但要在正确的时机进行
- 监控 TheoryEngine::solve 返回 0 的情况是否减少

================================================================================
结束
================================================================================

