================================================================================
cvc5 LRA (Linear Real Arithmetic) 求解器算法与数据结构分析报告
================================================================================

基于CAV06论文的Simplex for DPLL(T)决策过程实现
参考: http://research.microsoft.com/en-us/um/people/leonardo/cav06.pdf

================================================================================
OpenSMT vs cvc5: 关键差异与迁移计划
================================================================================

本文档详细分析了OpenSMT和cvc5在LRA求解实现中的关键差异,识别出值得从OpenSMT迁移到cvc5的有效优化,
并提供详细的函数和数据结构对应关系以及代码迁移计划。

================================================================================
第一部分: OpenSMT中的关键有效特性 (Critical Effective Features from OpenSMT)
================================================================================

1. 准基本变量机制 (Quasi-Basic Variables)
-----------------------------------------
特性描述:
  - OpenSMT引入了第三种变量状态: QUASIBASIC (准基本变量)
  - 准基本变量是没有活动边界的基本变量
  - 当基本变量的所有边界都被停用时,可以转换为准基本变量
  - 当准基本变量重新获得活动边界时,再转换回基本变量
  - 这减少了表格的维护开销,避免了对无边界约束变量的pivot操作

OpenSMT实现位置:
  - opensmt/src/tsolvers/lasolver/Tableau.h:96 - VarType枚举定义
  - opensmt/src/tsolvers/lasolver/Tableau.h:79,83 - isQuasiBasic(), quasiToBasic(), basicToQuasi()
  - opensmt/src/tsolvers/lasolver/Tableau.cc:271-293 - 准基本变量转换实现
  - opensmt/src/tsolvers/lasolver/Simplex.h:63 - quasiToBasic()接口
  - opensmt/src/tsolvers/lasolver/Simplex.cc:460-461 - 准基本变量转换逻辑

cvc5对应情况:
  - cvc5只支持两种状态: BASIC 和 NONBASIC
  - 没有准基本变量的概念
  - 所有基本变量都始终维护在表格中,即使没有活动边界

迁移价值:
  - 高: 可以显著减少pivot操作的次数
  - 可以降低表格维护的开销
  - 特别适合处理大量无边界约束的变量场景

2. 最短多项式启发式 (Shortest Polynomial Heuristic)
---------------------------------------------------
特性描述:
  - 在选择违规基本变量时,优先选择行多项式最短的变量
  - 这通常能更快地达到可行解,因为短行涉及的变量更少
  - 在Bland规则之前使用启发式阶段

OpenSMT实现位置:
  - opensmt/src/tsolvers/lasolver/Simplex.h:148 - getBasicVarToFixByShortestPoly()声明
  - opensmt/src/tsolvers/lasolver/Simplex.cc:100-115 - 最短多项式启发式实现
  - opensmt/src/tsolvers/lasolver/Tableau.h:68 - getPolySize()接口
  - opensmt/src/tsolvers/lasolver/Tableau.cc:50 - getPolySize()实现

cvc5对应情况:
  - cvc5有rowComplexity()函数计算行复杂度
  - cvc5/src/theory/arith/linear/tableau.h:148 - rowComplexity()声明
  - cvc5/src/theory/arith/linear/tableau.cpp:171-178 - rowComplexity()实现
  - 但cvc5没有使用行长度作为变量选择启发式
  - cvc5使用VAR_ORDER, SUM_METRIC, DIFFERENCE等规则,但不包括行长度

迁移价值:
  - 高: 这是一个简单但有效的启发式
  - 容易集成到现有框架中
  - 与cvc5的rowComplexity()概念兼容

3. 独立性启发式 (Independence Heuristic for Non-Basic Selection)
-----------------------------------------------------------------
特性描述:
  - 在选择非基本变量进行pivot时,优先选择出现在更少行中的变量
  - 这样的变量更"独立",pivot操作影响的行更少
  - 可以减少每次pivot需要更新的行数

OpenSMT实现位置:
  - opensmt/src/tsolvers/lasolver/Simplex.h:150 - findNonBasicForPivotByHeuristic()声明
  - opensmt/src/tsolvers/lasolver/Simplex.cc:135-184 - 独立性启发式实现
  - 使用tableau.getColumn(var).size()来获取变量出现的行数

cvc5对应情况:
  - cvc5有类似的启发式: minColLength (最小列长度)
  - cvc5/src/theory/arith/linear/linear_equality.h:523 - VarPreferenceFunction
  - 但cvc5的列长度启发式可能实现细节不同
  - cvc5使用minBoundAndColLength作为默认启发式

迁移价值:
  - 中: cvc5已有类似功能,但OpenSMT的实现可能更优化
  - 值得对比两种实现的差异

4. 边界激活缓冲区 (Buffer of Activated Bounds)
---------------------------------------------
特性描述:
  - 批量处理边界激活,避免在断言时立即更新所有相关变量
  - 使用bufferOfActivatedBounds存储待激活的边界
  - 在checkSimplex()开始时统一处理

OpenSMT实现位置:
  - opensmt/src/tsolvers/lasolver/Simplex.h:194 - bufferOfActivatedBounds成员
  - opensmt/src/tsolvers/lasolver/Simplex.cc:65 - processBufferOfActivatedBounds()调用
  - opensmt/src/tsolvers/lasolver/Simplex.cc:181 - processBufferOfActivatedBounds()实现

cvc5对应情况:
  - cvc5有boundsQueue机制处理边界
  - cvc5/src/theory/arith/linear/theory_arith_private.cpp:2944 - processBoundsQueue()
  - 但可能实现方式不同

迁移价值:
  - 中: 需要深入比较两种实现方式的优劣

5. 候选集合优化 (Candidates Set Optimization)
--------------------------------------------
特性描述:
  - 使用std::set<LVRef>存储候选变量(违规的基本变量)
  - 使用std::set而不是priority queue在某些场景下更高效
  - 支持快速插入、删除和查找

OpenSMT实现位置:
  - opensmt/src/tsolvers/lasolver/Simplex.h:191 - candidates成员(std::set<LVRef>)
  - opensmt/src/tsolvers/lasolver/Simplex.h:152-153 - newCandidate(), eraseCandidate()

cvc5对应情况:
  - cvc5使用ErrorSet,内部使用BinaryHeap作为优先级队列
  - cvc5/src/theory/arith/linear/error_set.h:345 - d_focus: FocusSet (BinaryHeap)

迁移价值:
  - 低: cvc5的ErrorSet设计更完善,支持多种选择规则
  - OpenSMT的set方式可能在某些场景更快,但功能较单一

================================================================================
第二部分: 函数对应关系映射 (Function Mapping)
================================================================================

1. 准基本变量相关函数映射
-------------------------

OpenSMT函数                               cvc5对应/需要实现
---------------------------------------  -----------------------------------------
Tableau::isQuasiBasic(LVRef)             [需要实现] ArithVariables中可能添加状态字段
Tableau::quasiToBasic(LVRef)             [需要实现] Tableau::quasiToBasic(ArithVar)
Tableau::basicToQuasi(LVRef)             [需要实现] Tableau::basicToQuasi(ArithVar)
Simplex::quasiToBasic(LVRef)             [需要实现] LinearEqualityModule::quasiToBasic(ArithVar)
Simplex::boundActivated(LVRef)           TheoryArithPrivate::propagateArithVar() [部分对应]
Simplex::boundDeactivated(LVRef)         [需要实现] TheoryArithPrivate::boundDeactivated(ArithVar)

实现建议:
  - 在ArithVariables::VarInfo中添加d_varType字段(枚举: BASIC, NONBASIC, QUASIBASIC)
  - 在Tableau中添加准基本变量管理方法
  - 在LinearEqualityModule中协调准基本变量的转换

2. 变量选择启发式函数映射
-------------------------

OpenSMT函数                               cvc5对应/需要实现
---------------------------------------  -----------------------------------------
Simplex::getBasicVarToFixByShortestPoly() [需要实现] ErrorSet::selectVarByShortestRow()
Tableau::getPolySize(LVRef)              Tableau::basicRowLength(ArithVar) [类似]
Simplex::getBasicVarToFixByBland()       ErrorSet::topFocusVariable() [VAR_ORDER模式]
Simplex::findNonBasicForPivotByHeuristic() LinearEqualityModule::selectSlack<...>() [已存在]
                                          [优化] 使用列长度启发式

实现建议:
  - 添加ErrorSelectionRule::SHORTEST_ROW规则
  - 在ErrorSet::ComparatorPivotRule中添加SHORTEST_ROW比较逻辑
  - 重用Tableau::basicRowLength()计算行长度

3. 边界和模型管理函数映射
-------------------------

OpenSMT函数                               cvc5对应/需要实现
---------------------------------------  -----------------------------------------
Simplex::assertBound(LABoundRef)         TheoryArithPrivate::AssertLower/Upper/Equality()
Simplex::processBufferOfActivatedBounds() TheoryArithPrivate::processBoundsQueue() [类似]
LRAModel::pushBound(LABoundRef)          ArithVariables::setLowerBoundConstraint/...()
LRAModel::popBounds()                    ArithVariables::popBacktrackPoint() [部分对应]
LRAModel::hasLBound/UBound(LVRef)        ArithVariables::hasLowerBound/UpperBound() [类似]
LRAModel::read(LVRef)                    ArithVariables::getAssignment(ArithVar)
LRAModel::write(LVRef, Delta)            ArithVariables::setAssignment(ArithVar, DeltaRational)

实现建议:
  - 对比processBufferOfActivatedBounds()和processBoundsQueue()的实现差异
  - 考虑是否需要统一的边界激活缓冲区机制

4. 表格操作函数映射
------------------

OpenSMT函数                               cvc5对应
---------------------------------------  -----------------------------------------
Tableau::newRow(LVRef, Polynomial)        Tableau::addRow(ArithVar, coeffs, vars)
Tableau::newNonbasicVar(LVRef)            Tableau::addColumn() [隐式]
Tableau::pivot(LVRef, LVRef)              Tableau::pivot(ArithVar, ArithVar, cb)
Tableau::getRowPoly(LVRef)                Tableau::basicRowIterator(ArithVar) [类似]
Tableau::getColumn(LVRef)                 Tableau::colIterator(ArithVar)
Tableau::getCoeff(LVRef, LVRef)           Matrix::findEntry(RowIndex, ArithVar) [类似]
Tableau::getPolySize(LVRef)               Tableau::basicRowLength(ArithVar) [类似]

说明:
  - OpenSMT使用Polynomial作为行表示,更直观
  - cvc5使用稀疏矩阵的双向链表表示,更底层但更灵活
  - 两种表示方式可以互相转换

5. 冲突检测和解释函数映射
-------------------------

OpenSMT函数                               cvc5对应
---------------------------------------  -----------------------------------------
Simplex::getConflictingBounds(LVRef, bool) LinearEqualityModule::generateConflictAboveUpperBound/BelowLowerBound()
Simplex::checkSimplex()                   DualSimplexDecisionProcedure::dualFindModel()
Simplex::Explanation                      ConstraintDatabase::explainConflict() [类似]

说明:
  - OpenSMT的Explanation是std::vector<ExplTerm>,每个ExplTerm包含边界和系数
  - cvc5使用ConstraintDatabase和FarkasConflictBuilder生成冲突
  - 两种方式本质相同,都基于Farkas引理

================================================================================
第三部分: 数据结构对应关系映射 (Data Structure Mapping)
================================================================================

1. 核心数据结构映射
------------------

OpenSMT数据结构                           cvc5对应/需要实现
---------------------------------------  -----------------------------------------
LVRef (Linear Variable Reference)        ArithVar (ArithVariable)
LABoundRef (Bound Reference)             ConstraintP (Constraint Pointer)
Delta (r + k*δ)                         DeltaRational (类似概念)
VarType::QUASIBASIC                      [需要实现] 添加QuasiBasic状态到VarType枚举

2. 表格数据结构映射
------------------

OpenSMT数据结构                           cvc5对应
---------------------------------------  -----------------------------------------
Tableau::rows_t (vector<Polynomial>)     Matrix<Rational>::d_rows (RowTable)
Tableau::cols_t (vector<Column>)         Matrix<Rational>::d_columns (ColumnTable)
Tableau::varTypes (vector<VarType>)      [需要实现] ArithVariables::VarInfo::d_varType
Tableau::Column::rows (vector<LVRef>)    Matrix<Rational>的行-列双向链表 [更复杂]

说明:
  - OpenSMT的Column存储包含该列的所有基本变量列表
  - cvc5的Matrix使用双向链表,每个MatrixEntry包含nextRow/prevRow/nextCol/prevCol
  - cvc5的实现更底层,OpenSMT的实现更直观

3. 模型和边界数据结构映射
----------------------

OpenSMT数据结构                           cvc5对应
---------------------------------------  -----------------------------------------
LRAModel::current_assignment              ArithVariables::d_vars[].d_assignment
LRAModel::int_lbounds/ubounds             ArithVariables::d_vars[].d_lb/ub (ConstraintP)
LRAModel::bound_trace                     ArithVariables::d_lbRevertHistory/...()
LRAModel::changed_vars_set/vec            [部分对应] ErrorSet::d_signals

说明:
  - OpenSMT使用Delta类型直接存储值
  - cvc5使用DeltaRational,概念相同
  - OpenSMT的边界使用栈结构(int_lbounds/int_ubounds),cvc5使用context相关的回退机制

4. 求解器状态数据结构映射
----------------------

OpenSMT数据结构                           cvc5对应
---------------------------------------  -----------------------------------------
Simplex::candidates (set<LVRef>)          ErrorSet::d_focus (BinaryHeap)
Simplex::bufferOfActivatedBounds          TheoryArithPrivate::d_boundsQueue [类似]
Simplex::boundsActivated (vector<uint>)   [需要实现] 如果实现准基本变量需要此字段
LASolver::decision_trace                  TheoryArithPrivate::d_assertionsOrder [类似]
LASolver::status (LASolverStatus)         TheoryArithPrivate::d_status [类似]

================================================================================
第四部分: 代码迁移计划 (Code Migration Plan)
================================================================================

阶段1: 最短多项式启发式集成 (优先级: 高, 难度: 低)
--------------------------------------------------
目标:
  - 在cvc5中添加基于行长度的变量选择启发式
  - 作为现有启发式规则的补充

实现步骤:
  1. 在options::ErrorSelectionRule枚举中添加SHORTEST_ROW选项
     位置: cvc5/src/options/base_options.h 或相关选项文件
     
  2. 在ErrorSet::ComparatorPivotRule中添加SHORTEST_ROW比较逻辑
     位置: cvc5/src/theory/arith/linear/error_set.cpp:227-266
     添加case:
     case options::ErrorSelectionRule::SHORTEST_ROW:
       uint32_t v_size = d_tableau->basicRowLength(v);
       uint32_t u_size = d_tableau->basicRowLength(u);
       if(v_size == u_size) return v > u;
       return v_size > u_size;
     
  3. 在DualSimplexDecisionProcedure中添加启发式选择逻辑
     位置: cvc5/src/theory/arith/linear/dual_simplex.cpp:99
     修改为支持SHORTEST_ROW规则:
     if(options().arith.arithUseShortestRowHeuristic){
       d_errorSet.setSelectionRule(options::ErrorSelectionRule::SHORTEST_ROW);
     }
     
  4. 添加配置选项
     位置: 相关选项定义文件
     选项名: arithUseShortestRowHeuristic (bool, default: false)
     
  5. 测试和验证
     创建测试用例验证新启发式的有效性
     对比性能和求解时间

预期收益:
  - 可能减少pivot操作次数
  - 提高某些问题类的求解速度

阶段2: 准基本变量机制实现 (优先级: 高, 难度: 高)
-----------------------------------------------
目标:
  - 在cvc5中实现准基本变量机制
  - 减少对无边界约束变量的表格维护开销

实现步骤:
  1. 定义变量类型枚举
     位置: cvc5/src/theory/arith/linear/partial_model.h
     在ArithVariables::VarInfo中添加:
     enum class ArithVarType { BASIC, NONBASIC, QUASIBASIC };
     ArithVarType d_varType;
     
  2. 初始化变量类型
     位置: cvc5/src/theory/arith/linear/partial_model.cpp
     在ArithVariables::allocate()中初始化d_varType = NONBASIC
     在添加基本变量行时设置为BASIC
     
  3. 在Tableau中添加准基本变量支持
     位置: cvc5/src/theory/arith/linear/tableau.h/cpp
     添加方法:
     - bool isQuasiBasic(ArithVar v) const;
     - void quasiToBasic(ArithVar v, CoefficientChangeCallback& cb);
     - void basicToQuasi(ArithVar v);
     
     实现quasiToBasic():
       - 调用normalizeRow()规范化行
       - 遍历行中的所有非基本变量,将它们添加到对应列的行列表中
       - 更新变量类型为BASIC
       - 更新d_basic2RowIndex和d_rowIndex2basic映射
     
     实现basicToQuasi():
       - 遍历行中的所有非基本变量,从对应列中移除该行
       - 更新变量类型为QUASIBASIC
       - 从d_basic2RowIndex和d_rowIndex2basic中移除
     
  4. 在LinearEqualityModule中协调转换
     位置: cvc5/src/theory/arith/linear/linear_equality.h/cpp
     添加方法:
     - void quasiToBasic(ArithVar v);
     - void basicToQuasi(ArithVar v);
     
     修改update()方法,检查变量类型:
     - 如果是QUASIBASIC且需要更新,先转换为BASIC
     
  5. 在TheoryArithPrivate中跟踪边界激活计数
     位置: cvc5/src/theory/arith/linear/theory_arith_private.h
     添加成员:
     DenseMap<uint32_t> d_boundsActivated; // 每个变量的激活边界计数
     
     在AssertLower/Upper/Equality()中:
     - 增加边界激活计数
     - 如果是QUASIBASIC且计数从0变为1,调用quasiToBasic()
     
     在popBacktrackPoint()中:
     - 减少边界激活计数
     - 如果是BASIC且计数变为0,调用basicToQuasi()
     
  6. 修改ErrorSet,跳过准基本变量
     位置: cvc5/src/theory/arith/linear/error_set.cpp
     在transitionVariableIntoError()中检查:
     - 如果变量是QUASIBASIC,不添加到错误集
     
  7. 修改selectSlack方法,考虑准基本变量
     位置: cvc5/src/theory/arith/linear/linear_equality.cpp
     在selectSlack时,跳过QUASIBASIC变量
     
  8. 测试和验证
     创建测试用例验证准基本变量转换的正确性
     测试边界激活/停用场景
     测试回退机制
     性能对比测试

预期收益:
  - 显著减少pivot操作次数
  - 降低表格维护开销
  - 特别适合稀疏约束问题

阶段3: 独立性启发式优化 (优先级: 中, 难度: 中)
---------------------------------------------
目标:
  - 优化cvc5中现有的列长度启发式
  - 参考OpenSMT的实现改进

实现步骤:
  1. 对比OpenSMT和cvc5的列长度启发式实现
     位置: 
     - OpenSMT: opensmt/src/tsolvers/lasolver/Simplex.cc:135-184
     - cvc5: cvc5/src/theory/arith/linear/linear_equality.cpp:selectSlack<...>()
     
  2. 分析差异和改进点
     - OpenSMT优先选择出现在更少行中的变量
     - cvc5的minColLength可能实现细节不同
     
  3. 如果发现改进空间,优化cvc5的实现
     位置: cvc5/src/theory/arith/linear/linear_equality.cpp
     修改selectSlack方法中的启发式逻辑
     
  4. 添加性能测试
     对比优化前后的性能

预期收益:
  - 可能减少每次pivot需要更新的行数
  - 提高pivot操作效率

阶段4: 边界激活缓冲区优化 (优先级: 中, 难度: 中)
---------------------------------------------
目标:
  - 对比OpenSMT和cvc5的边界处理机制
  - 如果OpenSMT的实现更优,进行迁移

实现步骤:
  1. 深入分析两种实现
     - OpenSMT: processBufferOfActivatedBounds()
     - cvc5: processBoundsQueue()
     
  2. 对比性能和正确性
     - 测试两种实现的性能差异
     - 验证边界处理的正确性
     
  3. 如果OpenSMT的实现更优,考虑迁移
     位置: cvc5/src/theory/arith/linear/theory_arith_private.cpp
     可能需要在assertBound时延迟处理,在check时批量处理
     
  4. 测试和验证

预期收益:
  - 可能提高增量求解的性能
  - 减少不必要的中间计算

阶段5: 代码清理和文档更新 (优先级: 低, 难度: 低)
---------------------------------------------
目标:
  - 清理迁移后的代码
  - 更新相关文档

实现步骤:
  1. 代码审查
     - 检查代码风格一致性
     - 确保没有内存泄漏
     - 验证异常安全性
     
  2. 添加注释和文档
     - 为准基本变量机制添加详细注释
     - 更新算法文档
     
  3. 更新测试套件
     - 添加新特性的测试用例
     - 确保现有测试通过
     
  4. 性能基准测试
     - 运行SMT-LIB基准测试
     - 对比迁移前后的性能

================================================================================
第五部分: 关键技术细节 (Technical Details)
================================================================================

1. 准基本变量转换算法细节
-------------------------

quasiToBasic转换 (OpenSMT Tableau.cc:271-280):
  算法:
    1. 规范化行多项式 (normalizeRow)
    2. 遍历行中的所有项 (var, coeff)
    3. 对于每个非基本变量var,将当前行添加到var的列中
       addRowToColumn(currentRow, var)
    4. 更新变量类型为BASIC
    5. 验证一致性

cvc5实现注意事项:
  - cvc5使用稀疏矩阵的双向链表,添加行到列需要:
    * 创建MatrixEntry
    * 更新行的双向链表
    * 更新列的双向链表
  - 需要正确更新d_basic2RowIndex和d_rowIndex2basic映射
  - 需要调用CoefficientChangeCallback通知系数变化

basicToQuasi转换 (OpenSMT Tableau.cc:282-293):
  算法:
    1. 更新变量类型为QUASIBASIC
    2. 遍历行中的所有项 (var, coeff)
    3. 对于每个非基本变量var,从var的列中移除当前行
       removeRowFromColumn(currentRow, var)
    4. 验证一致性

cvc5实现注意事项:
  - 需要从Matrix的双向链表中移除条目
  - 需要正确更新映射关系
  - 需要注意内存管理

2. 最短多项式启发式算法细节
--------------------------

OpenSMT实现 (Simplex.cc:100-115):
  算法:
    1. 遍历候选集合candidates中的所有变量
    2. 对于每个变量v,计算tableau.getPolySize(v)
    3. 选择行长度最小的变量
    4. 如果多个变量行长度相同,选择变量ID最小的

cvc5集成建议:
  - 使用Tableau::basicRowLength()计算行长度
  - 在ErrorSet::ComparatorPivotRule中实现比较逻辑
  - 与现有VAR_ORDER规则结合使用

3. 独立性启发式算法细节
----------------------

OpenSMT实现 (Simplex.cc:135-184):
  算法:
    1. 获取基本变量的行多项式
    2. 遍历行中的所有非基本变量项
    3. 对于每个满足pivot条件的变量:
       - 检查是否可以作为slack变量
       - 如果是第一个候选,选择它
       - 否则,比较tableau.getColumn(var).size()
       - 选择列长度最短的变量
    4. 返回选中的变量

与cvc5的selectSlack对比:
  - OpenSMT直接使用列长度作为启发式
  - cvc5的minBoundAndColLength同时考虑边界和列长度
  - 可以借鉴OpenSMT的简单列长度比较逻辑

================================================================================
第六部分: 风险评估与缓解策略 (Risk Assessment)
================================================================================

1. 准基本变量实现风险
--------------------
风险:
  - 实现复杂度高,可能引入bug
  - 可能影响现有代码的正确性
  - 性能提升可能不如预期

缓解策略:
  - 分阶段实现,每个阶段充分测试
  - 使用feature flag控制启用/禁用
  - 保留回退机制
  - 广泛的回归测试

2. 启发式集成风险
----------------
风险:
  - 新启发式可能在某些问题上表现更差
  - 可能与现有启发式冲突

缓解策略:
  - 作为可选功能,默认关闭
  - 通过配置选项控制
  - 充分的性能测试

3. 兼容性风险
------------
风险:
  - 修改可能影响现有API
  - 可能影响其他模块

缓解策略:
  - 保持向后兼容
  - 充分的内联测试
  - 代码审查

================================================================================
第七部分: 测试策略 (Testing Strategy)
================================================================================

1. 单元测试
----------
- 准基本变量转换功能测试
  * 测试quasiToBasic()和basicToQuasi()
  * 测试边界激活/停用场景
  * 测试回退机制
  
- 启发式功能测试
  * 测试SHORTEST_ROW选择规则
  * 测试独立性启发式

2. 集成测试
----------
- 求解器端到端测试
- SMT-LIB基准测试
- 回归测试套件

3. 性能测试
----------
- 对比迁移前后的性能
- 使用SMT-LIB基准测试集
- 记录pivot操作次数、求解时间等指标

4. 正确性测试
------------
- 验证求解结果的一致性
- 验证冲突解释的正确性
- 验证模型构建的正确性

================================================================================
第八部分: 预期收益总结 (Expected Benefits)
================================================================================

1. 性能提升
----------
- 准基本变量机制: 预期减少10-30%的pivot操作
- 最短多项式启发式: 预期在某些问题类上减少5-15%的求解时间
- 独立性启发式优化: 预期减少pivot操作的更新开销

2. 代码质量
----------
- 更清晰的变量状态管理
- 更好的代码可维护性
- 更丰富的启发式选择

3. 功能完善
----------
- 填补cvc5在准基本变量支持上的空白
- 提供更多可配置的启发式选项

================================================================================
总结
================================================================================

本文档详细分析了OpenSMT和cvc5在LRA求解实现中的关键差异,识别出以下值得迁移的有效特性:

1. **准基本变量机制** (最高优先级,最高难度)
   - 可以显著减少pivot操作次数
   - 适合稀疏约束问题
   - 需要大量代码修改

2. **最短多项式启发式** (高优先级,低难度)
   - 简单有效
   - 容易集成
   - 预期收益良好

3. **独立性启发式优化** (中优先级,中难度)
   - 可能优化现有功能
   - 需要对比分析

4. **边界激活缓冲区优化** (中优先级,中难度)
   - 需要深入分析
   - 收益不确定

建议按照文档中的迁移计划分阶段实施,每个阶段都进行充分的测试和验证。

================================================================================
附录: 关键文件路径参考
================================================================================

OpenSMT关键文件:
- opensmt/src/tsolvers/lasolver/LASolver.h/.cc
- opensmt/src/tsolvers/lasolver/Simplex.h/.cc
- opensmt/src/tsolvers/lasolver/Tableau.h/.cc
- opensmt/src/tsolvers/lasolver/LRAModel.h/.cc
- opensmt/src/tsolvers/lasolver/LABounds.h

cvc5关键文件:
- cvc5/src/theory/arith/linear/theory_arith_private.h/.cpp
- cvc5/src/theory/arith/linear/dual_simplex.h/.cpp
- cvc5/src/theory/arith/linear/tableau.h/.cpp
- cvc5/src/theory/arith/linear/linear_equality.h/.cpp
- cvc5/src/theory/arith/linear/error_set.h/.cpp
- cvc5/src/theory/arith/linear/partial_model.h/.cpp
- cvc5/src/theory/arith/linear/constraint.h/.cpp

================================================================================
文档结束
================================================================================
