================================================================================
OpenSMT LRA (Linear Real Arithmetic) 求解器算法分析
================================================================================
生成时间: 2025
目的: 为不同求解器之间的迁移提供详细的技术文档

================================================================================
1. 概述
================================================================================

OpenSMT 的 LRA 求解器基于单纯形算法 (Simplex Algorithm) 实现，用于求解
线性实数算术约束的满足性问题。该求解器支持：
- 增量求解 (Incremental Solving)
- 回溯 (Backtracking)
- 模型构建 (Model Building)
- 插值 (Interpolation)
- 理论组合 (Theory Combination)

核心算法基于 Dutertre & de Moura 的论文 "A Fast Linear-Arithmetic Solver 
for DPLL(T)" (CAV 2006)。

================================================================================
2. 架构和组件
================================================================================

2.1 组件层次结构
-----------------
MainSolver (主求解器)
  └─> LATheory (线性算术理论层)
        └─> LATHandler (线性算术理论处理器)
              └─> LASolver (线性算术求解器核心)
                    ├─> Simplex (单纯形算法实现)
                    ├─> Tableau (单纯形表数据结构)
                    ├─> LABoundStore (边界存储)
                    ├─> LRAModel (模型管理)
                    ├─> LAVarStore (变量存储)
                    └─> LAVarMapper (变量映射)

2.2 关键类说明
--------------

【LATheory】
- 文件: src/logics/LATheory.h
- 职责: 理论层接口，处理预处理和重写
- 关键方法:
  * preprocessAfterSubstitutions(): 预处理替换后的公式
  * 处理算术等式重写、Distinct 重写等

【LATHandler】
- 文件: src/tsolvers/LATHandler.h, LATHandler.cc
- 职责: 连接主求解器和 LASolver 的桥梁
- 关键方法:
  * getInterpolant(): 获取插值
  * getPolaritySuggestion(): 获取极性建议

【LASolver】
- 文件: src/tsolvers/lasolver/LASolver.h, LASolver.cc
- 职责: LRA 求解器的核心，管理整个求解过程
- 关键状态:
  * INIT: 初始状态
  * SAT: 可满足
  * UNSAT: 不可满足
  * NEWSPLIT: 需要新的分割
  * UNKNOWN: 未知状态

【Simplex】
- 文件: src/tsolvers/lasolver/Simplex.h, Simplex.cc
- 职责: 实现单纯形算法，维护单纯形表和模型
- 核心算法: 基于 Bland 规则避免循环

【Tableau】
- 文件: src/tsolvers/lasolver/Tableau.h, Tableau.cc
- 职责: 维护单纯形表的数据结构
- 关键概念:
  * Basic Variable (基变量): 在单纯形表中有对应行的变量
  * Non-Basic Variable (非基变量): 不在基中的变量
  * Quasi-Basic Variable (准基变量): 临时状态，可转换为基变量

【LABoundStore】
- 文件: src/tsolvers/lasolver/LABounds.h, LABounds.cc
- 职责: 存储和管理变量的所有边界约束
- 关键结构:
  * LABound: 单个边界约束
  * LABoundRef: 边界引用
  * LABoundRefPair: 正负边界对

【LRAModel】
- 文件: src/tsolvers/lasolver/LRAModel.h, LRAModel.cc
- 职责: 维护变量的当前赋值和边界信息
- 关键数据:
  * current_assignment: 当前赋值
  * last_consistent_assignment: 最后一致的赋值（用于回溯）

【Delta】
- 文件: src/tsolvers/lasolver/Delta.h, Delta.cc
- 职责: 表示实数值，支持严格/非严格不等式的区分
- 结构:
  * R(): 主值 (Real 部分)
  * D(): Delta 值，用于区分 < 和 <=
  * 如果 D() < 0，表示严格小于
  * 如果 D() == 0，表示小于等于

================================================================================
3. 核心算法：单纯形法
================================================================================

3.1 算法流程
-----------

【checkSimplex()】 - Simplex::checkSimplex()
  这是单纯形算法的核心循环：

  1. 处理激活的边界缓冲区 (processBufferOfActivatedBounds)
  2. 循环直到找到 SAT 或 UNSAT:
     a. 选择出界的基变量 x (getBasicVarToFixByShortestPoly 或 getBasicVarToFixByBland)
     b. 如果找不到出界变量 -> SAT，返回空解释
     c. 否则，寻找可交换的非基变量 y (findNonBasicForPivotByHeuristic 或 findNonBasicForPivotByBland)
     d. 如果找不到可交换变量 -> UNSAT，返回冲突边界
     e. 否则，执行转轴操作 (pivot)

3.2 变量选择策略
---------------

【最短多项式策略】 (默认，用于快速收敛)
- 函数: getBasicVarToFixByShortestPoly()
- 选择: 出界基变量中多项式最短的变量
- 原理: 短多项式通常更容易修复

【Bland 规则】 (避免循环)
- 函数: getBasicVarToFixByBland()
- 选择: 出界基变量中 ID 最小的变量
- 触发条件: 当重复次数超过列数时自动切换
- 原理: 保证算法终止

3.3 转轴操作
-----------

【pivot(bv, nv)】 - Simplex::pivot()
  将基变量 bv 和非基变量 nv 交换：

  1. 更新变量类型: bv -> non-basic, nv -> basic
  2. 计算 nv 的新多项式:
     - 从 bv 的多项式中移除 nv 项
     - 除以 nv 的系数
     - 取反
     - 添加 bv 项（系数为原系数的倒数）
  3. 更新表结构: 移动行和列
  4. 更新所有包含 bv 的行: 用新表达式替换 bv
  5. 更新模型值: updateValues(bv, nv)

【updateValues(bv, nv)】 - Simplex::updateValues()
  更新变量值以修复出界问题：

  1. 计算 bv 的目标值（上界或下界）
  2. 计算 nv 需要的变化量: nvDiff = (bvNewVal - bvCurrentVal) / coeff
  3. 通过 changeValueBy() 更新 nv 及其影响的所有行

【changeValueBy(var, diff)】 - Simplex::changeValueBy()
  更新变量值并传播到所有相关行：

  1. 更新 var 的值: model->write(var, model->read(var) + diff)
  2. 遍历所有包含 var 的行（通过列索引）:
     - 更新行变量的值: rowVal += coeff * diff
     - 检查是否出界，更新候选集合

3.4 冲突检测
-----------

【getConflictingBounds(x, conflictOnLower)】
  当找不到可交换变量时，构建冲突解释：

  1. 获取冲突边界: br_f = (conflictOnLower ? LBound : UBound)
  2. 获取变量 x 的多项式行
  3. 对于多项式中的每个项:
     - 如果系数为负: 取对偶边界（下界冲突取上界，上界冲突取下界）
     - 如果系数为正: 取同向边界
  4. 返回 Farkas 解释（边界及其系数）

================================================================================
4. 关键数据结构
================================================================================

4.1 变量引用系统
---------------

【LVRef】 - 线性变量引用
- 类型: 整数索引 (uint32_t)
- 用途: 内部变量标识符
- 特殊值: LVRef::Undef 表示未定义

【LAVarStore】
- 存储: std::vector<LVRef>
- 方法: getNewVar() 创建新变量

【LAVarMapper】
- 职责: 维护 PTRef (逻辑项) 到 LVRef (内部变量) 的映射
- 关键方法:
  * registerNewMapping(LVRef, PTRef): 注册新映射
  * getVar(PTRef): 获取变量引用
  * hasVar(PTRef): 检查是否存在映射
  * isNegated(PTRef): 检查项是否被取反

4.2 边界系统
-----------

【LABound】
- 成员:
  * type: bound_l (下界) 或 bound_u (上界)
  * bidx: 在变量边界列表中的索引
  * id: 唯一标识符
  * var: 关联的变量 (LVRef)
  * delta: 边界值 (Delta 类型)

【LABoundRef】
- 类型: 边界引用（通过 RegionAllocator 分配）
- 用途: 高效访问边界对象

【LABoundStore】
- 存储: 
  * LABoundAllocator: 边界对象分配器
  * std::vector<vec<LABoundRef>>: 每个变量的边界列表
- 关键方法:
  * allocBoundPair(): 为变量分配上下界对
  * getBounds(LVRef): 获取变量的所有边界
  * buildBounds(): 构建并排序所有边界

【LABoundRefPair】
- 结构: {pos: LABoundRef, neg: LABoundRef}
- 用途: 表示一个不等式的正负边界对

4.3 单纯形表
-----------

【Tableau::Polynomial】
- 类型: PolynomialT<LVRef>
- 表示: 线性多项式的稀疏表示
- 项: {var: LVRef, coeff: Real}

【Tableau】
- 数据结构:
  * rows: std::vector<std::unique_ptr<Polynomial>> - 基变量的多项式
  * cols: std::vector<std::unique_ptr<Column>> - 非基变量的列索引
  * varTypes: std::vector<VarType> - 变量类型 (BASIC/NONBASIC/QUASIBASIC)
- 关键方法:
  * newRow(): 添加新的基变量行
  * newNonbasicVar(): 添加非基变量
  * pivot(): 执行转轴操作
  * getRowPoly(): 获取基变量的多项式
  * getColumn(): 获取非基变量的列（包含该变量的所有行）

4.4 模型系统
-----------

【LRAModel】
- 数据:
  * current_assignment: std::vector<Delta> - 当前赋值
  * last_consistent_assignment: std::vector<Delta> - 最后一致赋值
  * int_lbounds: std::vector<vec<LABoundRef>> - 下界栈
  * int_ubounds: std::vector<vec<LABoundRef>> - 上界栈
  * changed_vars_set/vec: 跟踪改变的变量
- 关键方法:
  * write(LVRef, Delta): 写入变量值
  * read(LVRef): 读取变量值
  * pushBound(): 推送边界到栈
  * saveAssignment(): 保存当前赋值
  * restoreAssignment(): 恢复赋值（回溯时）

【Delta】
- 结构: {r: Real, d: Real}
- 语义:
  * r: 主值
  * d: 严格性标记
  * d < 0: 严格小于 (<)
  * d == 0: 小于等于 (<=)
  * d > 0: 严格大于 (>)
- 比较操作: 先比较 r，再比较 d

================================================================================
5. 关键函数详解
================================================================================

5.1 初始化和声明
---------------

【initSolver()】 - LASolver::initSolver()
  初始化求解器，在第一次 check() 或 assertLit() 时调用：

  1. 遍历所有已知的不等式 (getInformed())
  2. 对每个不等式:
     a. 注册算术项 (registerArithmeticTerm)
     b. 添加边界 (addBound)
  3. 构建边界 (boundStore.buildBounds())
  4. 初始化模型 (simplex.initModel())
  5. 设置状态为 SAT

【declareAtom(PTRef leq_tr)】 - LASolver::declareAtom()
  声明一个原子（不等式）：

  1. 检查是否为 LEQ 形式
  2. 如果已声明，直接返回
  3. 标记为已声明 (setInformed)
  4. 如果状态不是 INIT:
     - 注册算术项
     - 添加边界
  5. 验证不等式格式 (isProperLeq)

【registerArithmeticTerm(PTRef expr)】 - LASolver::registerArithmeticTerm()
  注册算术项，确保所有变量都有对应的 LVRef：

  情况 1: 简单变量或单项式 (x 或 (* c x))
    - 获取或创建变量引用
    - 标记为非基变量 (newNonbasicVar)
    - 通知变量类型（整数/实数）

  情况 2: 多项式 (x + p1 + ... + pn)
    - 创建新的基变量
    - 将表达式转换为多项式 (expressionToLVarPoly)
    - 确保所有子变量都是非基变量
    - 创建新行 (newRow)
    - 如果是整数多项式，标记为整数变量

【addBound(PTRef leq_tr)】 - LASolver::addBound()
  添加边界约束：

  1. 解析不等式: leqToConstantAndTerm() -> (const, term)
  2. 获取项的变量引用
  3. 计算边界值对 (getBoundsValue)
  4. 分配边界对 (allocBoundPair)
  5. 建立映射:
     - LeqToLABoundRefPair: PTRef -> LABoundRefPair
     - LABoundRefToLeqAsgn: LABoundRef -> PtAsgn

5.2 断言和检查
---------------

【assertLit(PtAsgn asgn)】 - LASolver::assertLit()
  断言一个字面量（不等式及其极性）：

  1. 处理特殊情况 (True/False)
  2. 如果状态为 INIT，初始化求解器
  3. 如果已有极性标记，直接返回
  4. 获取边界引用对
  5. 根据极性选择边界 (pos 或 neg)
  6. 断言边界 (assertBound)
  7. 如果成功:
     - 设置极性
     - 推送决策
     - 进行简单推导 (getSimpleDeductions)
  8. 返回状态

【assertBound(LABoundRef boundRef)】 - LASolver::assertBound()
  断言一个边界：

  1. 调用 Simplex::assertBound()
  2. 存储解释 (storeExplanation)
  3. 如果有解释（冲突），设置状态为 UNSAT
  4. 返回状态

【Simplex::assertBound(LABoundRef boundRef)】 - Simplex::assertBound()
  在单纯形中激活边界：

  1. 检查是否明显不可满足 (boundTriviallyUnsatisfied)
     - 如果是，返回冲突解释
  2. 激活边界 (boundActivated)
     - 如果是准基变量，转换为基变量
  3. 检查是否明显可满足 (boundTriviallySatisfied)
     - 如果是，返回空解释
  4. 推送边界到模型 (model->pushBound)
  5. 添加到激活边界缓冲区
  6. 返回空解释（待后续处理）

【check(bool complete)】 - LASolver::check()
  检查当前约束的可满足性：

  1. 调用 check_simplex()
  2. 如果 complete 且 SAT:
     - 检查整数约束并分割 (checkIntegersAndSplit)
  3. 返回结果

【check_simplex(bool complete)】 - LASolver::check_simplex()
  执行单纯形检查：

  1. 如果状态为 INIT，初始化求解器
  2. 调用 Simplex::checkSimplex()
  3. 存储解释
  4. 如果解释为空 -> SAT
  5. 否则 -> UNSAT
  6. 更新统计信息

5.3 回溯
-------

【pushBacktrackPoint()】 - LASolver::pushBacktrackPoint()
  推送回溯点：

  1. Simplex 推送回溯点 (保存模型状态)
  2. 记录决策跟踪限制 (dec_limit)
  3. 调用基类方法

【popBacktrackPoints(unsigned int count)】 - LASolver::popBacktrackPoints()
  回溯指定数量的点：

  1. 对每个回溯点:
     a. 弹出决策 (popTermBacktrackPoint)
     b. 清除极性
     c. 停用边界 (boundDeactivated)
  2. 完成回溯 (finalizeBacktracking)
  3. 设置状态为 SAT

【Simplex::finalizeBacktracking()】 - Simplex::finalizeBacktracking()
  完成回溯后的清理：

  1. 清空候选集合
  2. 清空激活边界缓冲区
  3. 验证值一致性
  4. 验证不变量

5.4 模型构建
-----------

【computeModel()】 - LASolver::computeModel()
  计算具体模型值：

  1. 计算 Delta 值 (simplex.computeDelta())
  2. 对每个变量:
     - 获取当前赋值 (getValuation)
     - 计算具体值: val.R() + val.D() * delta
     - 存储到 concrete_model

【computeDelta()】 - Simplex::computeDelta()
  计算用于模型构建的 Delta 值：

  - 返回一个小的正实数，用于区分严格和非严格不等式
  - 确保所有变量的赋值满足所有约束

5.5 推导
-------

【getSimpleDeductions(LABoundRef br)】 - LASolver::getSimpleDeductions()
  从边界进行简单推导：

  1. 获取边界信息
  2. 如果是下界:
     - 遍历所有更弱的下界
     - 推导它们为真
  3. 如果是上界:
     - 遍历所有更弱的上界
     - 推导它们为真

【deduce(LABoundRef bound_prop)】 - LASolver::deduce()
  推导一个边界：

  1. 获取边界对应的字面量
  2. 如果还没有极性，存储推导

================================================================================
6. 求解流程
================================================================================

6.1 完整求解流程
---------------

阶段 1: 初始化
  1. 创建 LASolver 对象
  2. 状态设为 INIT

阶段 2: 声明原子
  1. 主求解器调用 declareAtom() 声明所有不等式
  2. 每个不等式被解析并存储，但尚未处理

阶段 3: 初始化求解器
  1. 第一次 check() 或 assertLit() 触发 initSolver()
  2. 注册所有算术项，创建变量和多项式
  3. 构建边界列表
  4. 初始化模型

阶段 4: 断言约束
  1. 主求解器逐个断言字面量 (assertLit)
  2. 每个断言激活相应的边界
  3. 如果激活边界导致冲突，立即返回 UNSAT

阶段 5: 检查可满足性
  1. 调用 check()
  2. 执行单纯形算法 (checkSimplex)
  3. 如果找到冲突，返回 UNSAT 和解释
  4. 如果所有变量都在界内，返回 SAT

阶段 6: 模型构建（如果 SAT）
  1. 计算 Delta 值
  2. 为每个变量计算具体值
  3. 填充模型构建器

6.2 增量求解
-----------

- 支持多次 pushBacktrackPoint() 和 popBacktrackPoints()
- 每次回溯只恢复必要的状态
- 模型和边界栈支持高效回溯

6.3 冲突解释
-----------

当检测到冲突时：
  1. Simplex 返回 Explanation（边界及其系数）
  2. LASolver 将边界转换为字面量 (PtAsgn)
  3. 主求解器使用这些字面量进行冲突驱动学习

================================================================================
7. 边界管理
================================================================================

7.1 边界类型
-----------

【下界 (bound_l)】
- 表示: x >= c 或 x > c
- 存储: int_lbounds[var_id]
- 值: Delta 类型，d <= 0 表示 >=，d > 0 表示 >

【上界 (bound_u)】
- 表示: x <= c 或 x < c
- 存储: int_ubounds[var_id]
- 值: Delta 类型，d >= 0 表示 <=，d < 0 表示 <

7.2 边界计算
-----------

【getBoundsValue(LVRef v, Real c, bool strict)】
  根据变量类型和不等式类型计算边界值：

  实数变量:
    - strict=true:  {upper: Delta(c, -1), lower: Delta(c)}
    - strict=false: {upper: Delta(c), lower: Delta(c, 1)}

  整数变量:
    - strict=true:  {upper: Delta((c-1).ceil()), lower: Delta(c.ceil())}
    - strict=false: {upper: Delta(c.floor()), lower: Delta((c+1).floor())}

7.3 边界激活
-----------

【boundActivated(LVRef v)】 - Simplex::boundActivated()
  1. 如果是准基变量，转换为基变量
  2. 增加激活计数
  3. 如果变量出界，加入候选集合

【boundDeactivated(LVRef v)】 - Simplex::boundDeactivated()
  1. 减少激活计数
  2. 如果计数为 0 且是基变量，转换为准基变量

7.4 准基变量
-----------

准基变量 (Quasi-Basic) 是一种优化：
- 当变量的所有边界都未激活时，可以暂时不维护其行
- 需要时可以通过 quasiToBasic() 快速恢复
- 减少不必要的计算

================================================================================
8. 插值支持
================================================================================

8.1 Farkas 插值
-------------

【FarkasInterpolator】
- 文件: src/tsolvers/lasolver/FarkasInterpolator.h
- 用途: 基于 Farkas 引理计算插值
- 方法:
  * getFarkasInterpolant(): 强插值
  * getDualFarkasInterpolant(): 弱插值
  * getFlexibleInterpolant(Real): 参数化插值
  * getDecomposedInterpolant(): 分解插值

【getRealInterpolant()】 - LASolver::getRealInterpolant()
  1. 创建 FarkasInterpolator
  2. 根据配置选择插值算法
  3. 返回插值项

8.2 插值算法
-----------

- itp_lra_alg_strong (0): 强插值
- itp_lra_alg_weak (2): 弱插值
- itp_lra_alg_factor (3): 参数化插值
- itp_lra_alg_decomposing_strong (4): 分解强插值
- itp_lra_alg_decomposing_weak (5): 分解弱插值

================================================================================
9. 关键配置参数
================================================================================

在 SMTConfig 中：
- lra_disable: 禁用 LRA 求解器
- lra_poly_deduct_size: 多项式推导大小限制
- lra_trade_off: DL 预处理的权衡值
- lra_integer_solver: 整数求解器标志
- lra_check_on_assert: 断言时检查的概率

插值相关：
- itp_lra_alg: 插值算法选择
- itp_lra_factor: 插值强度因子

================================================================================
10. 数据流图
================================================================================

输入: SMT-LIB2 公式
  ↓
ArithLogic: 解析和项构建
  ↓
LATheory: 预处理和重写
  ↓
LATHandler: 理论处理器
  ↓
LASolver: 核心求解器
  ├─> 变量注册 (registerArithmeticTerm)
  ├─> 边界管理 (addBound, assertBound)
  └─> 单纯形求解 (Simplex::checkSimplex)
       ├─> Tableau: 维护单纯形表
       ├─> LRAModel: 维护模型
       └─> LABoundStore: 管理边界
  ↓
输出: SAT/UNSAT + 模型/解释

================================================================================
11. 关键不变量
================================================================================

1. 非基变量必须在界内
   - invariantHolds() 检查此不变量
   - 如果违反，说明算法错误

2. 基变量的值必须等于其多项式的计算值
   - valueConsistent() 检查此不变量
   - 用于调试和验证

3. 单纯形表的一致性
   - checkTableauConsistency() 检查
   - 行和列的索引必须正确对应

4. 边界栈的一致性
   - 回溯时必须正确恢复边界状态

================================================================================
12. 性能优化
================================================================================

1. 稀疏表示
   - 多项式使用稀疏存储
   - 只存储非零系数

2. 延迟计算
   - 准基变量延迟维护行
   - 只在需要时计算

3. 候选集合
   - 只跟踪出界的基变量
   - 减少不必要的检查

4. Bland 规则延迟
   - 默认使用启发式选择
   - 只在检测到可能循环时切换

5. 增量更新
   - 只更新改变的变量
   - 使用 changed_vars 跟踪

================================================================================
13. 迁移注意事项
================================================================================

1. 变量表示
   - OpenSMT 使用 LVRef (整数索引)
   - 需要建立与外部变量系统的映射

2. 边界系统
   - Delta 类型用于区分严格/非严格不等式
   - 需要实现类似的机制或转换

3. 单纯形表
   - 使用稀疏多项式表示
   - 需要高效的转轴操作

4. 回溯支持
   - 模型和边界都需要支持栈操作
   - 需要高效的保存/恢复机制

5. 理论组合
   - 通过 TheoryHandler 接口集成
   - 需要实现相应的接口方法

6. 插值支持
   - 需要维护 Farkas 系数
   - 需要实现插值算法

================================================================================
14. 文件索引
================================================================================

核心文件:
- src/tsolvers/lasolver/LASolver.h, LASolver.cc
- src/tsolvers/lasolver/Simplex.h, Simplex.cc
- src/tsolvers/lasolver/Tableau.h, Tableau.cc
- src/tsolvers/lasolver/LABounds.h, LABounds.cc
- src/tsolvers/lasolver/LRAModel.h, LRAModel.cc
- src/tsolvers/lasolver/LAVar.h, LAVar.cc
- src/tsolvers/lasolver/Delta.h, Delta.cc
- src/tsolvers/lasolver/LAVarMapper.h, LAVarMapper.cc

接口文件:
- src/tsolvers/LATHandler.h, LATHandler.cc
- src/logics/LATheory.h
- src/logics/ArithLogic.h, ArithLogic.cc

插值文件:
- src/tsolvers/lasolver/FarkasInterpolator.h, FarkasInterpolator.cc
- src/tsolvers/lasolver/LIAInterpolator.h, LIAInterpolator.cc

工具文件:
- src/tsolvers/lasolver/SparseMatrix.h, SparseMatrix.cc
- src/tsolvers/lasolver/CutCreator.h, CutCreator.cc

================================================================================
15. 算法复杂度
================================================================================

- 变量数: n
- 约束数: m
- 最坏情况: O(m * n) 次转轴操作（Bland 规则保证终止）
- 平均情况: 通常远少于最坏情况
- 空间复杂度: O(n + m)（稀疏表示）

================================================================================
16. 总结
================================================================================

OpenSMT 的 LRA 求解器是一个完整的、基于单纯形法的实现，具有以下特点：

1. 完整的增量求解支持
2. 高效的稀疏表示
3. 灵活的边界管理
4. 强大的插值支持
5. 良好的理论组合接口

关键设计决策：
- 使用 Delta 类型区分严格/非严格不等式
- 准基变量优化减少计算
- Bland 规则保证终止性
- 稀疏多项式表示提高效率

迁移到其他求解器时，需要特别注意：
- 变量引用系统的设计
- 边界和 Delta 值的表示
- 单纯形表的高效实现
- 回溯机制的支持

================================================================================
文档结束
================================================================================
