TheoryEngine::solve((>= (* (- 1) x_55) (- 1))): solving with THEORY_ARITH
TheoryEngine::solve((>= (* (- 1) x_55) (- 1))) => 0
TheoryEngine::solve((>= x_55 0)): solving with THEORY_ARITH
TheoryEngine::solve((>= x_55 0)) => 0
TheoryEngine::solve((>= (* (- 1) x_46) (- 1))): solving with THEORY_ARITH
TheoryEngine::solve((>= (* (- 1) x_46) (- 1))) => 0
TheoryEngine::solve((>= x_46 0)): solving with THEORY_ARITH
TheoryEngine::solve((>= x_46 0)) => 0
TheoryEngine::solve((>= (* (- 1) x_37) (- 1))): solving with THEORY_ARITH
TheoryEngine::solve((>= (* (- 1) x_37) (- 1))) => 0
TheoryEngine::solve((>= x_37 0)): solving with THEORY_ARITH
TheoryEngine::solve((>= x_37 0)) => 0
TheoryEngine::solve((>= (* (- 1) x_28) (- 1))): solving with THEORY_ARITH
TheoryEngine::solve((>= (* (- 1) x_28) (- 1))) => 0
TheoryEngine::solve((>= x_28 0)): solving with THEORY_ARITH
TheoryEngine::solve((>= x_28 0)) => 0
TheoryEngine::solve((>= (* (- 1) x_19) (- 1))): solving with THEORY_ARITH
TheoryEngine::solve((>= (* (- 1) x_19) (- 1))) => 0
TheoryEngine::solve((>= x_19 0)): solving with THEORY_ARITH
TheoryEngine::solve((>= x_19 0)) => 0
TheoryEngine::solve((>= (* (- 1) x_10) (- 1))): solving with THEORY_ARITH
TheoryEngine::solve((>= (* (- 1) x_10) (- 1))) => 0
TheoryEngine::solve((>= x_10 0)): solving with THEORY_ARITH
TheoryEngine::solve((>= x_10 0)) => 0
TheoryEngine::solve((>= x_54 0)): solving with THEORY_ARITH
TheoryEngine::solve((>= x_54 0)) => 0
TheoryEngine::solve((= x_55 (ite (= x_46 1.0) 0.0 1.0))): solving with THEORY_ARITH
TheoryEngine::solve((= x_55 (ite (= x_46 1.0) 0.0 1.0))) => 1
TheoryEngine::solve((>= x_56 0)): solving with THEORY_ARITH
TheoryEngine::solve((>= x_56 0)) => 0
TheoryEngine::solve((>= x_45 0)): solving with THEORY_ARITH
TheoryEngine::solve((>= x_45 0)) => 0
TheoryEngine::solve((= x_46 (ite (= x_37 1.0) 0.0 1.0))): solving with THEORY_ARITH
TheoryEngine::solve((= x_46 (ite (= x_37 1.0) 0.0 1.0))) => 1
TheoryEngine::solve((>= x_47 0)): solving with THEORY_ARITH
TheoryEngine::solve((>= x_47 0)) => 0
TheoryEngine::solve((>= x_36 0)): solving with THEORY_ARITH
TheoryEngine::solve((>= x_36 0)) => 0
TheoryEngine::solve((= x_37 (ite (= x_28 1.0) 0.0 1.0))): solving with THEORY_ARITH
TheoryEngine::solve((= x_37 (ite (= x_28 1.0) 0.0 1.0))) => 1
TheoryEngine::solve((>= x_38 0)): solving with THEORY_ARITH
TheoryEngine::solve((>= x_38 0)) => 0
TheoryEngine::solve((>= x_27 0)): solving with THEORY_ARITH
TheoryEngine::solve((>= x_27 0)) => 0
TheoryEngine::solve((= x_28 (ite (= x_19 1.0) 0.0 1.0))): solving with THEORY_ARITH
TheoryEngine::solve((= x_28 (ite (= x_19 1.0) 0.0 1.0))) => 1
TheoryEngine::solve((>= x_29 0)): solving with THEORY_ARITH
TheoryEngine::solve((>= x_29 0)) => 0
TheoryEngine::solve((>= x_18 0)): solving with THEORY_ARITH
TheoryEngine::solve((>= x_18 0)) => 0
TheoryEngine::solve((= x_19 (ite (= x_10 1.0) 0.0 1.0))): solving with THEORY_ARITH
TheoryEngine::solve((= x_19 (ite (= x_10 1.0) 0.0 1.0))) => 1
TheoryEngine::solve((>= x_20 0)): solving with THEORY_ARITH
TheoryEngine::solve((>= x_20 0)) => 0
TheoryEngine::solve((>= x_9 0)): solving with THEORY_ARITH
TheoryEngine::solve((>= x_9 0)) => 0
TheoryEngine::solve((= x_10 (ite x_8 0.0 1.0))): solving with THEORY_ARITH
TheoryEngine::solve((= x_10 (ite x_8 0.0 1.0))) => 1
TheoryEngine::solve((>= x_11 0)): solving with THEORY_ARITH
TheoryEngine::solve((>= x_11 0)) => 0
TheoryEngine::solve((not x_0)): solving with THEORY_BOOL
TheoryEngine::solve((not x_0)) => 1
TheoryEngine::solve((not x_1)): solving with THEORY_BOOL
TheoryEngine::solve((not x_1)) => 1
OutputChannel<THEORY_ARITH>::trustedLemma((LEMMA (or (>= (* (- 1) @purify_1) (- 1)) (>= @purify_1 0)) null))
OutputChannel<THEORY_ARITH>::trustedLemma((LEMMA (or (>= @purify_2 0) (>= (* (- 1) @purify_2) 0)) null))
OutputChannel<THEORY_ARITH>::trustedLemma((LEMMA (or (not (>= @purify_2 1)) (not (>= (* (- 1) @purify_2) 0))) null))
OutputChannel<THEORY_ARITH>::trustedLemma((LEMMA (or (>= @purify_2 1) (>= (* (- 1) @purify_2) (- 1))) null))
OutputChannel<THEORY_ARITH>::trustedLemma((LEMMA (or (>= @purify_3 0) (>= (* (- 1) @purify_3) 0)) null))
OutputChannel<THEORY_ARITH>::trustedLemma((LEMMA (or (not (>= @purify_3 1)) (not (>= (* (- 1) @purify_3) 0))) null))
OutputChannel<THEORY_ARITH>::trustedLemma((LEMMA (or (>= @purify_3 1) (>= (* (- 1) @purify_3) (- 1))) null))
OutputChannel<THEORY_ARITH>::trustedLemma((LEMMA (or (>= @purify_4 0) (>= (* (- 1) @purify_4) 0)) null))
OutputChannel<THEORY_ARITH>::trustedLemma((LEMMA (or (not (>= @purify_4 1)) (not (>= (* (- 1) @purify_4) 0))) null))
OutputChannel<THEORY_ARITH>::trustedLemma((LEMMA (or (>= @purify_4 1) (>= (* (- 1) @purify_4) (- 1))) null))
OutputChannel<THEORY_ARITH>::trustedLemma((LEMMA (or (>= @purify_5 0) (>= (* (- 1) @purify_5) 0)) null))
OutputChannel<THEORY_ARITH>::trustedLemma((LEMMA (or (not (>= @purify_5 1)) (not (>= (* (- 1) @purify_5) 0))) null))
OutputChannel<THEORY_ARITH>::trustedLemma((LEMMA (or (>= @purify_5 1) (>= (* (- 1) @purify_5) (- 1))) null))
OutputChannel<THEORY_ARITH>::trustedLemma((LEMMA (or (>= @purify_6 0) (>= (* (- 1) @purify_6) 0)) null))
OutputChannel<THEORY_ARITH>::trustedLemma((LEMMA (or (not (>= @purify_6 1)) (not (>= (* (- 1) @purify_6) 0))) null))
OutputChannel<THEORY_ARITH>::trustedLemma((LEMMA (or (>= @purify_6 1) (>= (* (- 1) @purify_6) (- 1))) null))
OutputChannel<THEORY_ARITH>::trustedLemma((LEMMA (or (>= (* (- 1) x_43) 0) (>= x_43 0)) null))
OutputChannel<THEORY_ARITH>::trustedLemma((LEMMA (or (not (>= x_43 40)) (not (>= (* (- 1) x_43) 0))) null))
OutputChannel<THEORY_ARITH>::trustedLemma((LEMMA (or (>= (* (- 1) x_43) (- 40)) (>= x_43 40)) null))
OutputChannel<THEORY_ARITH>::trustedLemma((LEMMA (or (>= (* (- 1) x_44) 0) (>= x_44 0)) null))
OutputChannel<THEORY_ARITH>::trustedLemma((LEMMA (or (not (>= x_44 2)) (not (>= (* (- 1) x_44) 0))) null))
OutputChannel<THEORY_ARITH>::trustedLemma((LEMMA (or (>= (* (- 1) x_44) (- 2)) (>= x_44 2)) null))
OutputChannel<THEORY_ARITH>::trustedLemma((LEMMA (or (>= (* (- 1) x_40) 0) (>= x_40 0)) null))
OutputChannel<THEORY_ARITH>::trustedLemma((LEMMA (or (not (>= x_40 40)) (not (>= (* (- 1) x_40) 0))) null))
OutputChannel<THEORY_ARITH>::trustedLemma((LEMMA (or (>= (* (- 1) x_40) (- 40)) (>= x_40 40)) null))
OutputChannel<THEORY_ARITH>::trustedLemma((LEMMA (or (>= (+ x_52 (* (- 1) @purify_12)) 0) (>= (+ (* (- 1) x_52) @purify_12) 0)) null))
OutputChannel<THEORY_ARITH>::trustedLemma((LEMMA (or (>= (+ x_49 (* (- 1) @purify_11)) 0) (>= (+ (* (- 1) x_49) @purify_11) 0)) null))
OutputChannel<THEORY_ARITH>::trustedLemma((LEMMA (or (>= (* (- 1) x_53) 0) (>= x_53 0)) null))
OutputChannel<THEORY_ARITH>::trustedLemma((LEMMA (or (>= (+ x_53 (* (- 1) @purify_10)) 0) (>= (+ (* (- 1) x_53) @purify_10) 0)) null))
OutputChannel<THEORY_ARITH>::trustedLemma((LEMMA (or (>= (* (- 1) x_57) 0) (>= x_57 0)) null))
OutputChannel<THEORY_ARITH>::trustedLemma((LEMMA (or (not (>= (* (- 1) x_57) 0)) (not (>= x_57 1))) null))
OutputChannel<THEORY_ARITH>::trustedLemma((LEMMA (or (>= (* (- 1) x_57) (- 1)) (>= x_57 1)) null))
OutputChannel<THEORY_ARITH>::trustedLemma((LEMMA (or (not (>= x_57 2)) (not (>= (* (- 1) x_57) (- 1)))) null))
OutputChannel<THEORY_ARITH>::trustedLemma((LEMMA (or (>= (* (- 1) x_57) (- 2)) (>= x_57 2)) null))
OutputChannel<THEORY_ARITH>::trustedLemma((LEMMA (or (not (>= x_57 3)) (not (>= (* (- 1) x_57) (- 2)))) null))
OutputChannel<THEORY_ARITH>::trustedLemma((LEMMA (or (>= (* (- 1) x_57) (- 3)) (>= x_57 3)) null))
OutputChannel<THEORY_ARITH>::trustedLemma((LEMMA (or (not (>= x_57 4)) (not (>= (* (- 1) x_57) (- 3)))) null))
OutputChannel<THEORY_ARITH>::trustedLemma((LEMMA (or (>= (* (- 1) x_57) (- 4)) (>= x_57 4)) null))
OutputChannel<THEORY_ARITH>::trustedLemma((LEMMA (or (not (>= x_57 5)) (not (>= (* (- 1) x_57) (- 4)))) null))
OutputChannel<THEORY_ARITH>::trustedLemma((LEMMA (or (>= (* (- 1) x_57) (- 5)) (>= x_57 5)) null))
OutputChannel<THEORY_ARITH>::trustedLemma((LEMMA (or (not (>= x_57 6)) (not (>= (* (- 1) x_57) (- 5)))) null))
OutputChannel<THEORY_ARITH>::trustedLemma((LEMMA (or (>= (* (- 1) x_57) (- 6)) (>= x_57 6)) null))
OutputChannel<THEORY_ARITH>::trustedLemma((LEMMA (or (not (>= x_57 7)) (not (>= (* (- 1) x_57) (- 6)))) null))
OutputChannel<THEORY_ARITH>::trustedLemma((LEMMA (or (>= (* (- 1) x_57) (- 7)) (>= x_57 7)) null))
OutputChannel<THEORY_ARITH>::trustedLemma((LEMMA (or (not (>= x_57 8)) (not (>= (* (- 1) x_57) (- 7)))) null))
OutputChannel<THEORY_ARITH>::trustedLemma((LEMMA (or (>= (* (- 1) x_57) (- 8)) (>= x_57 8)) null))
OutputChannel<THEORY_ARITH>::trustedLemma((LEMMA (or (>= (+ (* (- 1) x_43) x_52) 0) (>= (+ x_43 (* (- 1) x_52)) 0)) null))
OutputChannel<THEORY_ARITH>::trustedLemma((LEMMA (or (>= (+ (* (- 1) x_40) x_49) 0) (>= (+ x_40 (* (- 1) x_49)) 0)) null))
OutputChannel<THEORY_ARITH>::trustedLemma((LEMMA (or (>= (+ (* (- 1) x_44) x_53) 0) (>= (+ x_44 (* (- 1) x_53)) 0)) null))
OutputChannel<THEORY_ARITH>::trustedLemma((LEMMA (or (>= (+ x_52 (* (- 1) @purify_8)) 0) (>= (+ (* (- 1) x_52) @purify_8) 0)) null))
OutputChannel<THEORY_ARITH>::trustedLemma((LEMMA (or (>= (+ x_49 (* (- 1) @purify_9)) 0) (>= (+ (* (- 1) x_49) @purify_9) 0)) null))
OutputChannel<THEORY_ARITH>::trustedLemma((LEMMA (or (>= (+ x_49 (* (- 1) @purify_7)) 0) (>= (+ (* (- 1) x_49) @purify_7) 0)) null))
OutputChannel<THEORY_ARITH>::trustedLemma((LEMMA (or (>= (* (- 1) x_34) 0) (>= x_34 0)) null))
OutputChannel<THEORY_ARITH>::trustedLemma((LEMMA (or (not (>= x_34 40)) (not (>= (* (- 1) x_34) 0))) null))
OutputChannel<THEORY_ARITH>::trustedLemma((LEMMA (or (>= (* (- 1) x_34) (- 40)) (>= x_34 40)) null))
OutputChannel<THEORY_ARITH>::trustedLemma((LEMMA (or (>= (* (- 1) x_35) 0) (>= x_35 0)) null))
OutputChannel<THEORY_ARITH>::trustedLemma((LEMMA (or (not (>= x_35 2)) (not (>= (* (- 1) x_35) 0))) null))
OutputChannel<THEORY_ARITH>::trustedLemma((LEMMA (or (>= (* (- 1) x_35) (- 2)) (>= x_35 2)) null))
OutputChannel<THEORY_ARITH>::trustedLemma((LEMMA (or (>= (* (- 1) x_31) 0) (>= x_31 0)) null))
OutputChannel<THEORY_ARITH>::trustedLemma((LEMMA (or (not (>= x_31 40)) (not (>= (* (- 1) x_31) 0))) null))
OutputChannel<THEORY_ARITH>::trustedLemma((LEMMA (or (>= (* (- 1) x_31) (- 40)) (>= x_31 40)) null))
OutputChannel<THEORY_ARITH>::trustedLemma((LEMMA (or (>= (+ x_43 (* (- 1) @purify_19)) 0) (>= (+ (* (- 1) x_43) @purify_19) 0)) null))
OutputChannel<THEORY_ARITH>::trustedLemma((LEMMA (or (>= (+ x_40 (* (- 1) @purify_18)) 0) (>= (+ (* (- 1) x_40) @purify_18) 0)) null))
OutputChannel<THEORY_ARITH>::trustedLemma((LEMMA (or (>= (+ x_44 (* (- 1) @purify_17)) 0) (>= (+ (* (- 1) x_44) @purify_17) 0)) null))
OutputChannel<THEORY_ARITH>::trustedLemma((LEMMA (or (>= (* (- 1) x_48) 0) (>= x_48 0)) null))
OutputChannel<THEORY_ARITH>::trustedLemma((LEMMA (or (not (>= (* (- 1) x_48) 0)) (not (>= x_48 1))) null))
OutputChannel<THEORY_ARITH>::trustedLemma((LEMMA (or (>= (* (- 1) x_48) (- 1)) (>= x_48 1)) null))
OutputChannel<THEORY_ARITH>::trustedLemma((LEMMA (or (not (>= x_48 2)) (not (>= (* (- 1) x_48) (- 1)))) null))
OutputChannel<THEORY_ARITH>::trustedLemma((LEMMA (or (>= (* (- 1) x_48) (- 2)) (>= x_48 2)) null))
OutputChannel<THEORY_ARITH>::trustedLemma((LEMMA (or (not (>= x_48 3)) (not (>= (* (- 1) x_48) (- 2)))) null))
OutputChannel<THEORY_ARITH>::trustedLemma((LEMMA (or (>= (* (- 1) x_48) (- 3)) (>= x_48 3)) null))
OutputChannel<THEORY_ARITH>::trustedLemma((LEMMA (or (not (>= x_48 4)) (not (>= (* (- 1) x_48) (- 3)))) null))
OutputChannel<THEORY_ARITH>::trustedLemma((LEMMA (or (>= (* (- 1) x_48) (- 4)) (>= x_48 4)) null))
OutputChannel<THEORY_ARITH>::trustedLemma((LEMMA (or (not (>= x_48 5)) (not (>= (* (- 1) x_48) (- 4)))) null))
OutputChannel<THEORY_ARITH>::trustedLemma((LEMMA (or (>= (* (- 1) x_48) (- 5)) (>= x_48 5)) null))
OutputChannel<THEORY_ARITH>::trustedLemma((LEMMA (or (not (>= x_48 6)) (not (>= (* (- 1) x_48) (- 5)))) null))
OutputChannel<THEORY_ARITH>::trustedLemma((LEMMA (or (>= (* (- 1) x_48) (- 6)) (>= x_48 6)) null))
OutputChannel<THEORY_ARITH>::trustedLemma((LEMMA (or (not (>= x_48 7)) (not (>= (* (- 1) x_48) (- 6)))) null))
OutputChannel<THEORY_ARITH>::trustedLemma((LEMMA (or (>= (* (- 1) x_48) (- 7)) (>= x_48 7)) null))
OutputChannel<THEORY_ARITH>::trustedLemma((LEMMA (or (not (>= x_48 8)) (not (>= (* (- 1) x_48) (- 7)))) null))
OutputChannel<THEORY_ARITH>::trustedLemma((LEMMA (or (>= (* (- 1) x_48) (- 8)) (>= x_48 8)) null))
OutputChannel<THEORY_ARITH>::trustedLemma((LEMMA (or (>= (+ (* (- 1) x_34) x_43) 0) (>= (+ x_34 (* (- 1) x_43)) 0)) null))
OutputChannel<THEORY_ARITH>::trustedLemma((LEMMA (or (>= (+ (* (- 1) x_31) x_40) 0) (>= (+ x_31 (* (- 1) x_40)) 0)) null))
OutputChannel<THEORY_ARITH>::trustedLemma((LEMMA (or (>= (+ (* (- 1) x_35) x_44) 0) (>= (+ x_35 (* (- 1) x_44)) 0)) null))
OutputChannel<THEORY_ARITH>::trustedLemma((LEMMA (or (>= (+ x_43 (* (- 1) @purify_15)) 0) (>= (+ (* (- 1) x_43) @purify_15) 0)) null))
OutputChannel<THEORY_ARITH>::trustedLemma((LEMMA (or (>= (+ x_40 (* (- 1) @purify_16)) 0) (>= (+ (* (- 1) x_40) @purify_16) 0)) null))
OutputChannel<THEORY_ARITH>::trustedLemma((LEMMA (or (>= (+ x_40 (* (- 1) @purify_14)) 0) (>= (+ (* (- 1) x_40) @purify_14) 0)) null))
OutputChannel<THEORY_ARITH>::trustedLemma((LEMMA (or (>= (* (- 1) x_25) 0) (>= x_25 0)) null))
OutputChannel<THEORY_ARITH>::trustedLemma((LEMMA (or (not (>= x_25 40)) (not (>= (* (- 1) x_25) 0))) null))
OutputChannel<THEORY_ARITH>::trustedLemma((LEMMA (or (>= (* (- 1) x_25) (- 40)) (>= x_25 40)) null))
OutputChannel<THEORY_ARITH>::trustedLemma((LEMMA (or (>= (* (- 1) x_26) 0) (>= x_26 0)) null))
OutputChannel<THEORY_ARITH>::trustedLemma((LEMMA (or (not (>= x_26 2)) (not (>= (* (- 1) x_26) 0))) null))
OutputChannel<THEORY_ARITH>::trustedLemma((LEMMA (or (>= (* (- 1) x_26) (- 2)) (>= x_26 2)) null))
OutputChannel<THEORY_ARITH>::trustedLemma((LEMMA (or (>= (* (- 1) x_22) 0) (>= x_22 0)) null))
OutputChannel<THEORY_ARITH>::trustedLemma((LEMMA (or (not (>= x_22 40)) (not (>= (* (- 1) x_22) 0))) null))
OutputChannel<THEORY_ARITH>::trustedLemma((LEMMA (or (>= (* (- 1) x_22) (- 40)) (>= x_22 40)) null))
OutputChannel<THEORY_ARITH>::trustedLemma((LEMMA (or (>= (+ x_34 (* (- 1) @purify_26)) 0) (>= (+ (* (- 1) x_34) @purify_26) 0)) null))
OutputChannel<THEORY_ARITH>::trustedLemma((LEMMA (or (>= (+ x_31 (* (- 1) @purify_25)) 0) (>= (+ (* (- 1) x_31) @purify_25) 0)) null))
OutputChannel<THEORY_ARITH>::trustedLemma((LEMMA (or (>= (+ x_35 (* (- 1) @purify_24)) 0) (>= (+ (* (- 1) x_35) @purify_24) 0)) null))
OutputChannel<THEORY_ARITH>::trustedLemma((LEMMA (or (>= (* (- 1) x_39) 0) (>= x_39 0)) null))
OutputChannel<THEORY_ARITH>::trustedLemma((LEMMA (or (not (>= (* (- 1) x_39) 0)) (not (>= x_39 1))) null))
OutputChannel<THEORY_ARITH>::trustedLemma((LEMMA (or (>= (* (- 1) x_39) (- 1)) (>= x_39 1)) null))
OutputChannel<THEORY_ARITH>::trustedLemma((LEMMA (or (not (>= x_39 2)) (not (>= (* (- 1) x_39) (- 1)))) null))
OutputChannel<THEORY_ARITH>::trustedLemma((LEMMA (or (>= (* (- 1) x_39) (- 2)) (>= x_39 2)) null))
OutputChannel<THEORY_ARITH>::trustedLemma((LEMMA (or (not (>= x_39 3)) (not (>= (* (- 1) x_39) (- 2)))) null))
OutputChannel<THEORY_ARITH>::trustedLemma((LEMMA (or (>= (* (- 1) x_39) (- 3)) (>= x_39 3)) null))
OutputChannel<THEORY_ARITH>::trustedLemma((LEMMA (or (not (>= x_39 4)) (not (>= (* (- 1) x_39) (- 3)))) null))
OutputChannel<THEORY_ARITH>::trustedLemma((LEMMA (or (>= (* (- 1) x_39) (- 4)) (>= x_39 4)) null))
OutputChannel<THEORY_ARITH>::trustedLemma((LEMMA (or (not (>= x_39 5)) (not (>= (* (- 1) x_39) (- 4)))) null))
OutputChannel<THEORY_ARITH>::trustedLemma((LEMMA (or (>= (* (- 1) x_39) (- 5)) (>= x_39 5)) null))
OutputChannel<THEORY_ARITH>::trustedLemma((LEMMA (or (not (>= x_39 6)) (not (>= (* (- 1) x_39) (- 5)))) null))
OutputChannel<THEORY_ARITH>::trustedLemma((LEMMA (or (>= (* (- 1) x_39) (- 6)) (>= x_39 6)) null))
OutputChannel<THEORY_ARITH>::trustedLemma((LEMMA (or (not (>= x_39 7)) (not (>= (* (- 1) x_39) (- 6)))) null))
OutputChannel<THEORY_ARITH>::trustedLemma((LEMMA (or (>= (* (- 1) x_39) (- 7)) (>= x_39 7)) null))
OutputChannel<THEORY_ARITH>::trustedLemma((LEMMA (or (not (>= x_39 8)) (not (>= (* (- 1) x_39) (- 7)))) null))
OutputChannel<THEORY_ARITH>::trustedLemma((LEMMA (or (>= (* (- 1) x_39) (- 8)) (>= x_39 8)) null))
OutputChannel<THEORY_ARITH>::trustedLemma((LEMMA (or (>= (+ (* (- 1) x_25) x_34) 0) (>= (+ x_25 (* (- 1) x_34)) 0)) null))
OutputChannel<THEORY_ARITH>::trustedLemma((LEMMA (or (>= (+ (* (- 1) x_22) x_31) 0) (>= (+ x_22 (* (- 1) x_31)) 0)) null))
OutputChannel<THEORY_ARITH>::trustedLemma((LEMMA (or (>= (+ (* (- 1) x_26) x_35) 0) (>= (+ x_26 (* (- 1) x_35)) 0)) null))
OutputChannel<THEORY_ARITH>::trustedLemma((LEMMA (or (>= (+ x_34 (* (- 1) @purify_22)) 0) (>= (+ (* (- 1) x_34) @purify_22) 0)) null))
OutputChannel<THEORY_ARITH>::trustedLemma((LEMMA (or (>= (+ x_31 (* (- 1) @purify_23)) 0) (>= (+ (* (- 1) x_31) @purify_23) 0)) null))
OutputChannel<THEORY_ARITH>::trustedLemma((LEMMA (or (>= (+ x_31 (* (- 1) @purify_21)) 0) (>= (+ (* (- 1) x_31) @purify_21) 0)) null))
OutputChannel<THEORY_ARITH>::trustedLemma((LEMMA (or (>= (* (- 1) x_16) 0) (>= x_16 0)) null))
OutputChannel<THEORY_ARITH>::trustedLemma((LEMMA (or (not (>= x_16 40)) (not (>= (* (- 1) x_16) 0))) null))
OutputChannel<THEORY_ARITH>::trustedLemma((LEMMA (or (>= (* (- 1) x_16) (- 40)) (>= x_16 40)) null))
OutputChannel<THEORY_ARITH>::trustedLemma((LEMMA (or (>= (* (- 1) x_17) 0) (>= x_17 0)) null))
OutputChannel<THEORY_ARITH>::trustedLemma((LEMMA (or (not (>= x_17 2)) (not (>= (* (- 1) x_17) 0))) null))
OutputChannel<THEORY_ARITH>::trustedLemma((LEMMA (or (>= (* (- 1) x_17) (- 2)) (>= x_17 2)) null))
OutputChannel<THEORY_ARITH>::trustedLemma((LEMMA (or (>= (* (- 1) x_13) 0) (>= x_13 0)) null))
OutputChannel<THEORY_ARITH>::trustedLemma((LEMMA (or (not (>= x_13 40)) (not (>= (* (- 1) x_13) 0))) null))
OutputChannel<THEORY_ARITH>::trustedLemma((LEMMA (or (>= (* (- 1) x_13) (- 40)) (>= x_13 40)) null))
OutputChannel<THEORY_ARITH>::trustedLemma((LEMMA (or (>= (+ x_25 (* (- 1) @purify_33)) 0) (>= (+ (* (- 1) x_25) @purify_33) 0)) null))
OutputChannel<THEORY_ARITH>::trustedLemma((LEMMA (or (>= (+ x_22 (* (- 1) @purify_32)) 0) (>= (+ (* (- 1) x_22) @purify_32) 0)) null))
OutputChannel<THEORY_ARITH>::trustedLemma((LEMMA (or (>= (+ x_26 (* (- 1) @purify_31)) 0) (>= (+ (* (- 1) x_26) @purify_31) 0)) null))
OutputChannel<THEORY_ARITH>::trustedLemma((LEMMA (or (>= (* (- 1) x_30) 0) (>= x_30 0)) null))
OutputChannel<THEORY_ARITH>::trustedLemma((LEMMA (or (not (>= (* (- 1) x_30) 0)) (not (>= x_30 1))) null))
OutputChannel<THEORY_ARITH>::trustedLemma((LEMMA (or (>= (* (- 1) x_30) (- 1)) (>= x_30 1)) null))
OutputChannel<THEORY_ARITH>::trustedLemma((LEMMA (or (not (>= x_30 2)) (not (>= (* (- 1) x_30) (- 1)))) null))
OutputChannel<THEORY_ARITH>::trustedLemma((LEMMA (or (>= (* (- 1) x_30) (- 2)) (>= x_30 2)) null))
OutputChannel<THEORY_ARITH>::trustedLemma((LEMMA (or (not (>= x_30 3)) (not (>= (* (- 1) x_30) (- 2)))) null))
OutputChannel<THEORY_ARITH>::trustedLemma((LEMMA (or (>= (* (- 1) x_30) (- 3)) (>= x_30 3)) null))
OutputChannel<THEORY_ARITH>::trustedLemma((LEMMA (or (not (>= x_30 4)) (not (>= (* (- 1) x_30) (- 3)))) null))
OutputChannel<THEORY_ARITH>::trustedLemma((LEMMA (or (>= (* (- 1) x_30) (- 4)) (>= x_30 4)) null))
OutputChannel<THEORY_ARITH>::trustedLemma((LEMMA (or (not (>= x_30 5)) (not (>= (* (- 1) x_30) (- 4)))) null))
OutputChannel<THEORY_ARITH>::trustedLemma((LEMMA (or (>= (* (- 1) x_30) (- 5)) (>= x_30 5)) null))
OutputChannel<THEORY_ARITH>::trustedLemma((LEMMA (or (not (>= x_30 6)) (not (>= (* (- 1) x_30) (- 5)))) null))
OutputChannel<THEORY_ARITH>::trustedLemma((LEMMA (or (>= (* (- 1) x_30) (- 6)) (>= x_30 6)) null))
OutputChannel<THEORY_ARITH>::trustedLemma((LEMMA (or (not (>= x_30 7)) (not (>= (* (- 1) x_30) (- 6)))) null))
OutputChannel<THEORY_ARITH>::trustedLemma((LEMMA (or (>= (* (- 1) x_30) (- 7)) (>= x_30 7)) null))
OutputChannel<THEORY_ARITH>::trustedLemma((LEMMA (or (not (>= x_30 8)) (not (>= (* (- 1) x_30) (- 7)))) null))
OutputChannel<THEORY_ARITH>::trustedLemma((LEMMA (or (>= (* (- 1) x_30) (- 8)) (>= x_30 8)) null))
OutputChannel<THEORY_ARITH>::trustedLemma((LEMMA (or (>= (+ (* (- 1) x_16) x_25) 0) (>= (+ x_16 (* (- 1) x_25)) 0)) null))
OutputChannel<THEORY_ARITH>::trustedLemma((LEMMA (or (>= (+ (* (- 1) x_13) x_22) 0) (>= (+ x_13 (* (- 1) x_22)) 0)) null))
OutputChannel<THEORY_ARITH>::trustedLemma((LEMMA (or (>= (+ (* (- 1) x_17) x_26) 0) (>= (+ x_17 (* (- 1) x_26)) 0)) null))
OutputChannel<THEORY_ARITH>::trustedLemma((LEMMA (or (>= (+ x_25 (* (- 1) @purify_29)) 0) (>= (+ (* (- 1) x_25) @purify_29) 0)) null))
OutputChannel<THEORY_ARITH>::trustedLemma((LEMMA (or (>= (+ x_22 (* (- 1) @purify_30)) 0) (>= (+ (* (- 1) x_22) @purify_30) 0)) null))
OutputChannel<THEORY_ARITH>::trustedLemma((LEMMA (or (>= (+ x_22 (* (- 1) @purify_28)) 0) (>= (+ (* (- 1) x_22) @purify_28) 0)) null))
OutputChannel<THEORY_ARITH>::trustedLemma((LEMMA (or (>= (* (- 1) x_6) 0) (>= x_6 0)) null))
OutputChannel<THEORY_ARITH>::trustedLemma((LEMMA (or (not (>= (* (- 1) x_6) 0)) (not (>= x_6 10))) null))
OutputChannel<THEORY_ARITH>::trustedLemma((LEMMA (or (>= (* (- 1) x_6) (- 10)) (>= x_6 10)) null))
OutputChannel<THEORY_ARITH>::trustedLemma((LEMMA (or (not (>= x_6 40)) (not (>= (* (- 1) x_6) (- 10)))) null))
OutputChannel<THEORY_ARITH>::trustedLemma((LEMMA (or (>= (* (- 1) x_6) (- 40)) (>= x_6 40)) null))
OutputChannel<THEORY_ARITH>::trustedLemma((LEMMA (or (>= (* (- 1) x_7) 0) (>= x_7 0)) null))
OutputChannel<THEORY_ARITH>::trustedLemma((LEMMA (or (not (>= x_7 2)) (not (>= (* (- 1) x_7) 0))) null))
OutputChannel<THEORY_ARITH>::trustedLemma((LEMMA (or (>= (* (- 1) x_7) (- 2)) (>= x_7 2)) null))
OutputChannel<THEORY_ARITH>::trustedLemma((LEMMA (or (>= (* (- 1) x_3) 0) (>= x_3 0)) null))
OutputChannel<THEORY_ARITH>::trustedLemma((LEMMA (or (not (>= (* (- 1) x_3) 0)) (not (>= x_3 20))) null))
OutputChannel<THEORY_ARITH>::trustedLemma((LEMMA (or (>= (* (- 1) x_3) (- 20)) (>= x_3 20)) null))
OutputChannel<THEORY_ARITH>::trustedLemma((LEMMA (or (not (>= x_3 40)) (not (>= (* (- 1) x_3) (- 20)))) null))
OutputChannel<THEORY_ARITH>::trustedLemma((LEMMA (or (>= (* (- 1) x_3) (- 40)) (>= x_3 40)) null))
OutputChannel<THEORY_ARITH>::trustedLemma((LEMMA (or (>= (+ x_16 (* (- 1) @purify_40)) 0) (>= (+ (* (- 1) x_16) @purify_40) 0)) null))
OutputChannel<THEORY_ARITH>::trustedLemma((LEMMA (or (>= (+ x_13 (* (- 1) @purify_39)) 0) (>= (+ (* (- 1) x_13) @purify_39) 0)) null))
OutputChannel<THEORY_ARITH>::trustedLemma((LEMMA (or (>= (+ x_17 (* (- 1) @purify_38)) 0) (>= (+ (* (- 1) x_17) @purify_38) 0)) null))
OutputChannel<THEORY_ARITH>::trustedLemma((LEMMA (or (>= (* (- 1) x_21) 0) (>= x_21 0)) null))
OutputChannel<THEORY_ARITH>::trustedLemma((LEMMA (or (not (>= (* (- 1) x_21) 0)) (not (>= x_21 1))) null))
OutputChannel<THEORY_ARITH>::trustedLemma((LEMMA (or (>= (* (- 1) x_21) (- 1)) (>= x_21 1)) null))
OutputChannel<THEORY_ARITH>::trustedLemma((LEMMA (or (not (>= x_21 2)) (not (>= (* (- 1) x_21) (- 1)))) null))
OutputChannel<THEORY_ARITH>::trustedLemma((LEMMA (or (>= (* (- 1) x_21) (- 2)) (>= x_21 2)) null))
OutputChannel<THEORY_ARITH>::trustedLemma((LEMMA (or (not (>= x_21 3)) (not (>= (* (- 1) x_21) (- 2)))) null))
OutputChannel<THEORY_ARITH>::trustedLemma((LEMMA (or (>= (* (- 1) x_21) (- 3)) (>= x_21 3)) null))
OutputChannel<THEORY_ARITH>::trustedLemma((LEMMA (or (not (>= x_21 4)) (not (>= (* (- 1) x_21) (- 3)))) null))
OutputChannel<THEORY_ARITH>::trustedLemma((LEMMA (or (>= (* (- 1) x_21) (- 4)) (>= x_21 4)) null))
OutputChannel<THEORY_ARITH>::trustedLemma((LEMMA (or (not (>= x_21 5)) (not (>= (* (- 1) x_21) (- 4)))) null))
OutputChannel<THEORY_ARITH>::trustedLemma((LEMMA (or (>= (* (- 1) x_21) (- 5)) (>= x_21 5)) null))
OutputChannel<THEORY_ARITH>::trustedLemma((LEMMA (or (not (>= x_21 6)) (not (>= (* (- 1) x_21) (- 5)))) null))
OutputChannel<THEORY_ARITH>::trustedLemma((LEMMA (or (>= (* (- 1) x_21) (- 6)) (>= x_21 6)) null))
OutputChannel<THEORY_ARITH>::trustedLemma((LEMMA (or (not (>= x_21 7)) (not (>= (* (- 1) x_21) (- 6)))) null))
OutputChannel<THEORY_ARITH>::trustedLemma((LEMMA (or (>= (* (- 1) x_21) (- 7)) (>= x_21 7)) null))
OutputChannel<THEORY_ARITH>::trustedLemma((LEMMA (or (not (>= x_21 8)) (not (>= (* (- 1) x_21) (- 7)))) null))
OutputChannel<THEORY_ARITH>::trustedLemma((LEMMA (or (>= (* (- 1) x_21) (- 8)) (>= x_21 8)) null))
OutputChannel<THEORY_ARITH>::trustedLemma((LEMMA (or (>= (+ (* (- 1) x_6) x_16) 0) (>= (+ x_6 (* (- 1) x_16)) 0)) null))
OutputChannel<THEORY_ARITH>::trustedLemma((LEMMA (or (>= (+ (* (- 1) x_3) x_13) 0) (>= (+ x_3 (* (- 1) x_13)) 0)) null))
OutputChannel<THEORY_ARITH>::trustedLemma((LEMMA (or (>= (+ (* (- 1) x_7) x_17) 0) (>= (+ x_7 (* (- 1) x_17)) 0)) null))
OutputChannel<THEORY_ARITH>::trustedLemma((LEMMA (or (>= (+ x_16 (* (- 1) @purify_36)) 0) (>= (+ (* (- 1) x_16) @purify_36) 0)) null))
OutputChannel<THEORY_ARITH>::trustedLemma((LEMMA (or (>= (+ x_13 (* (- 1) @purify_37)) 0) (>= (+ (* (- 1) x_13) @purify_37) 0)) null))
OutputChannel<THEORY_ARITH>::trustedLemma((LEMMA (or (>= (+ x_13 (* (- 1) @purify_35)) 0) (>= (+ (* (- 1) x_13) @purify_35) 0)) null))
OutputChannel<THEORY_ARITH>::trustedLemma((LEMMA (or (>= x_2 (- 4)) (not (>= x_2 0))) null))
OutputChannel<THEORY_ARITH>::trustedLemma((LEMMA (or (>= (* (- 1) x_2) 0) (>= x_2 0)) null))
OutputChannel<THEORY_ARITH>::trustedLemma((LEMMA (let ((_let_1 (* (- 1) x_2))) (or (>= _let_1 (- 5)) (not (>= _let_1 0)))) null))
OutputChannel<THEORY_ARITH>::trustedLemma((LEMMA (or (>= (+ (* (- 1) x_6) x_11) 0) (>= (+ x_6 (* (- 1) x_11)) 0)) null))
OutputChannel<THEORY_ARITH>::trustedLemma((LEMMA (or (>= (+ (* (- 1) x_2) (* (/ 1 5) x_3)) 4) (>= (+ x_2 (* (/ (- 1) 5) x_3)) (- 4))) null))
OutputChannel<THEORY_ARITH>::trustedLemma((LEMMA (or (>= (+ (* (- 1) x_2) x_7) 2) (>= (+ x_2 (* (- 1) x_7)) (- 2))) null))
OutputChannel<THEORY_ARITH>::trustedLemma((LEMMA (or (>= (* (- 1) x_12) 0) (>= x_12 0)) null))
OutputChannel<THEORY_ARITH>::trustedLemma((LEMMA (or (not (>= x_12 8)) (not (>= (* (- 1) x_12) 0))) null))
OutputChannel<THEORY_ARITH>::trustedLemma((LEMMA (or (>= (* (- 1) x_12) (- 8)) (>= x_12 8)) null))
OutputChannel<THEORY_ARITH>::trustedLemma((LEMMA (or (>= (+ (* (- 1) x_3) x_6) 0) (>= (+ x_3 (* (- 1) x_6)) 0)) null))
OutputChannel<THEORY_ARITH>::trustedLemma((LEMMA (or (>= (+ (* (- 1) x_13) x_16) 0) (>= (+ x_13 (* (- 1) x_16)) 0)) null))
OutputChannel<THEORY_ARITH>::trustedLemma((LEMMA (or (>= (+ (* (- 1) x_22) x_25) 0) (>= (+ x_22 (* (- 1) x_25)) 0)) null))
OutputChannel<THEORY_ARITH>::trustedLemma((LEMMA (or (>= (+ (* (- 1) x_31) x_34) 0) (>= (+ x_31 (* (- 1) x_34)) 0)) null))
OutputChannel<THEORY_ARITH>::trustedLemma((LEMMA (or (>= (+ (* (- 1) x_49) x_52) 0) (>= (+ x_49 (* (- 1) x_52)) 0)) null))
OutputChannel<THEORY_ARITH>::trustedLemma((LEMMA (or (>= (+ (* (- 1) x_40) x_43) 0) (>= (+ x_40 (* (- 1) x_43)) 0)) null))
OutputChannel<THEORY_ARITH>::trustedLemma((LEMMA (or (not (= @purify_1 0.0)) (not (= @purify_1 1.0))) null))
OutputChannel<THEORY_ARITH>::trustedLemma((LEMMA (or (>= @purify_1 0) (not (= @purify_1 0.0))) null))
OutputChannel<THEORY_ARITH>::trustedLemma((LEMMA (or (>= (* (- 1) @purify_1) (- 1)) (not (= @purify_1 0.0))) null))
OutputChannel<THEORY_ARITH>::trustedLemma((LEMMA (or (>= @purify_1 0) (not (= @purify_1 1.0))) null))
OutputChannel<THEORY_ARITH>::trustedLemma((LEMMA (or (>= (* (- 1) @purify_1) (- 1)) (not (= @purify_1 1.0))) null))
OutputChannel<THEORY_ARITH>::trustedLemma((LEMMA (or (not (= @purify_2 0.0)) (not (= @purify_2 1.0))) null))
OutputChannel<THEORY_ARITH>::trustedLemma((LEMMA (or (<= @purify_2 0.0) (>= @purify_2 0.0)) null))
OutputChannel<THEORY_ARITH>::trustedLemma((LEMMA (or (>= @purify_2 0) (not (= @purify_2 0.0))) null))
OutputChannel<THEORY_ARITH>::trustedLemma((LEMMA (or (>= (* (- 1) @purify_2) 0) (not (= @purify_2 0.0))) null))
OutputChannel<THEORY_ARITH>::trustedLemma((LEMMA (or (<= @purify_2 1.0) (>= @purify_2 1.0)) null))
OutputChannel<THEORY_ARITH>::trustedLemma((LEMMA (or (>= @purify_2 1) (not (= @purify_2 1.0))) null))
OutputChannel<THEORY_ARITH>::trustedLemma((LEMMA (or (>= (* (- 1) @purify_2) (- 1)) (not (= @purify_2 1.0))) null))
OutputChannel<THEORY_ARITH>::trustedLemma((LEMMA (or (not (= @purify_3 0.0)) (not (= @purify_3 1.0))) null))
OutputChannel<THEORY_ARITH>::trustedLemma((LEMMA (or (<= @purify_3 0.0) (>= @purify_3 0.0)) null))
OutputChannel<THEORY_ARITH>::trustedLemma((LEMMA (or (>= @purify_3 0) (not (= @purify_3 0.0))) null))
OutputChannel<THEORY_ARITH>::trustedLemma((LEMMA (or (>= (* (- 1) @purify_3) 0) (not (= @purify_3 0.0))) null))
OutputChannel<THEORY_ARITH>::trustedLemma((LEMMA (or (<= @purify_3 1.0) (>= @purify_3 1.0)) null))
OutputChannel<THEORY_ARITH>::trustedLemma((LEMMA (or (>= @purify_3 1) (not (= @purify_3 1.0))) null))
OutputChannel<THEORY_ARITH>::trustedLemma((LEMMA (or (>= (* (- 1) @purify_3) (- 1)) (not (= @purify_3 1.0))) null))
OutputChannel<THEORY_ARITH>::trustedLemma((LEMMA (or (not (= @purify_4 0.0)) (not (= @purify_4 1.0))) null))
OutputChannel<THEORY_ARITH>::trustedLemma((LEMMA (or (<= @purify_4 0.0) (>= @purify_4 0.0)) null))
OutputChannel<THEORY_ARITH>::trustedLemma((LEMMA (or (>= @purify_4 0) (not (= @purify_4 0.0))) null))
OutputChannel<THEORY_ARITH>::trustedLemma((LEMMA (or (>= (* (- 1) @purify_4) 0) (not (= @purify_4 0.0))) null))
OutputChannel<THEORY_ARITH>::trustedLemma((LEMMA (or (<= @purify_4 1.0) (>= @purify_4 1.0)) null))
OutputChannel<THEORY_ARITH>::trustedLemma((LEMMA (or (>= @purify_4 1) (not (= @purify_4 1.0))) null))
OutputChannel<THEORY_ARITH>::trustedLemma((LEMMA (or (>= (* (- 1) @purify_4) (- 1)) (not (= @purify_4 1.0))) null))
OutputChannel<THEORY_ARITH>::trustedLemma((LEMMA (or (not (= @purify_5 0.0)) (not (= @purify_5 1.0))) null))
OutputChannel<THEORY_ARITH>::trustedLemma((LEMMA (or (<= @purify_5 0.0) (>= @purify_5 0.0)) null))
OutputChannel<THEORY_ARITH>::trustedLemma((LEMMA (or (>= @purify_5 0) (not (= @purify_5 0.0))) null))
OutputChannel<THEORY_ARITH>::trustedLemma((LEMMA (or (>= (* (- 1) @purify_5) 0) (not (= @purify_5 0.0))) null))
OutputChannel<THEORY_ARITH>::trustedLemma((LEMMA (or (<= @purify_5 1.0) (>= @purify_5 1.0)) null))
OutputChannel<THEORY_ARITH>::trustedLemma((LEMMA (or (>= @purify_5 1) (not (= @purify_5 1.0))) null))
OutputChannel<THEORY_ARITH>::trustedLemma((LEMMA (or (>= (* (- 1) @purify_5) (- 1)) (not (= @purify_5 1.0))) null))
OutputChannel<THEORY_ARITH>::trustedLemma((LEMMA (or (not (= @purify_6 0.0)) (not (= @purify_6 1.0))) null))
OutputChannel<THEORY_ARITH>::trustedLemma((LEMMA (or (<= @purify_6 0.0) (>= @purify_6 0.0)) null))
OutputChannel<THEORY_ARITH>::trustedLemma((LEMMA (or (>= @purify_6 0) (not (= @purify_6 0.0))) null))
OutputChannel<THEORY_ARITH>::trustedLemma((LEMMA (or (>= (* (- 1) @purify_6) 0) (not (= @purify_6 0.0))) null))
OutputChannel<THEORY_ARITH>::trustedLemma((LEMMA (or (<= @purify_6 1.0) (>= @purify_6 1.0)) null))
OutputChannel<THEORY_ARITH>::trustedLemma((LEMMA (or (>= @purify_6 1) (not (= @purify_6 1.0))) null))
OutputChannel<THEORY_ARITH>::trustedLemma((LEMMA (or (>= (* (- 1) @purify_6) (- 1)) (not (= @purify_6 1.0))) null))
TheoryEngine::assertToTheory((>= (* (- 1) @purify_1) (- 1)), (>= (* (- 1) @purify_1) (- 1)),THEORY_ARITH, THEORY_SAT_SOLVER)
TheoryEngine::assertToTheory((>= @purify_1 0), (>= @purify_1 0),THEORY_ARITH, THEORY_SAT_SOLVER)
TheoryEngine::assertToTheory((>= (* (- 1) @purify_2) (- 1)), (>= (* (- 1) @purify_2) (- 1)),THEORY_ARITH, THEORY_SAT_SOLVER)
TheoryEngine::assertToTheory((>= @purify_2 0), (>= @purify_2 0),THEORY_ARITH, THEORY_SAT_SOLVER)
TheoryEngine::assertToTheory((>= (* (- 1) @purify_3) (- 1)), (>= (* (- 1) @purify_3) (- 1)),THEORY_ARITH, THEORY_SAT_SOLVER)
TheoryEngine::assertToTheory((>= @purify_3 0), (>= @purify_3 0),THEORY_ARITH, THEORY_SAT_SOLVER)
TheoryEngine::assertToTheory((>= (* (- 1) @purify_4) (- 1)), (>= (* (- 1) @purify_4) (- 1)),THEORY_ARITH, THEORY_SAT_SOLVER)
TheoryEngine::assertToTheory((>= @purify_4 0), (>= @purify_4 0),THEORY_ARITH, THEORY_SAT_SOLVER)
TheoryEngine::assertToTheory((>= (* (- 1) @purify_5) (- 1)), (>= (* (- 1) @purify_5) (- 1)),THEORY_ARITH, THEORY_SAT_SOLVER)
TheoryEngine::assertToTheory((>= @purify_5 0), (>= @purify_5 0),THEORY_ARITH, THEORY_SAT_SOLVER)
TheoryEngine::assertToTheory((>= (* (- 1) @purify_6) (- 1)), (>= (* (- 1) @purify_6) (- 1)),THEORY_ARITH, THEORY_SAT_SOLVER)
TheoryEngine::assertToTheory((>= @purify_6 0), (>= @purify_6 0),THEORY_ARITH, THEORY_SAT_SOLVER)
TheoryEngine::assertToTheory((>= x_54 0), (>= x_54 0),THEORY_ARITH, THEORY_SAT_SOLVER)
TheoryEngine::assertToTheory((>= x_56 0), (>= x_56 0),THEORY_ARITH, THEORY_SAT_SOLVER)
TheoryEngine::assertToTheory((>= x_45 0), (>= x_45 0),THEORY_ARITH, THEORY_SAT_SOLVER)
TheoryEngine::assertToTheory((>= x_47 0), (>= x_47 0),THEORY_ARITH, THEORY_SAT_SOLVER)
TheoryEngine::assertToTheory((>= x_36 0), (>= x_36 0),THEORY_ARITH, THEORY_SAT_SOLVER)
TheoryEngine::assertToTheory((>= x_38 0), (>= x_38 0),THEORY_ARITH, THEORY_SAT_SOLVER)
TheoryEngine::assertToTheory((>= x_27 0), (>= x_27 0),THEORY_ARITH, THEORY_SAT_SOLVER)
TheoryEngine::assertToTheory((>= x_29 0), (>= x_29 0),THEORY_ARITH, THEORY_SAT_SOLVER)
TheoryEngine::assertToTheory((>= x_18 0), (>= x_18 0),THEORY_ARITH, THEORY_SAT_SOLVER)
TheoryEngine::assertToTheory((>= x_20 0), (>= x_20 0),THEORY_ARITH, THEORY_SAT_SOLVER)
TheoryEngine::assertToTheory((>= x_9 0), (>= x_9 0),THEORY_ARITH, THEORY_SAT_SOLVER)
TheoryEngine::assertToTheory((>= x_11 0), (>= x_11 0),THEORY_ARITH, THEORY_SAT_SOLVER)

--------------------------------------------
Assertions of THEORY_BUILTIN: 
--------------------------------------------
Assertions of THEORY_BOOL: 
--------------------------------------------
Assertions of THEORY_ARITH: 
[0]: (>= (* (- 1) @purify_1) (- 1))
[1]: (>= @purify_1 0)
[2]: (>= (* (- 1) @purify_2) (- 1))
[3]: (>= @purify_2 0)
[4]: (>= (* (- 1) @purify_3) (- 1))
[5]: (>= @purify_3 0)
[6]: (>= (* (- 1) @purify_4) (- 1))
[7]: (>= @purify_4 0)
[8]: (>= (* (- 1) @purify_5) (- 1))
[9]: (>= @purify_5 0)
[10]: (>= (* (- 1) @purify_6) (- 1))
[11]: (>= @purify_6 0)
[12]: (>= x_54 0)
[13]: (>= x_56 0)
[14]: (>= x_45 0)
[15]: (>= x_47 0)
[16]: (>= x_36 0)
[17]: (>= x_38 0)
[18]: (>= x_27 0)
[19]: (>= x_29 0)
[20]: (>= x_18 0)
[21]: (>= x_20 0)
[22]: (>= x_9 0)
[23]: (>= x_11 0)
TheoryEngine::assertToTheory((not (= x_6 @purify_41)), (not (= x_6 @purify_41)),THEORY_ARITH, THEORY_SAT_SOLVER)
TheoryEngine::assertToTheory((>= (* (- 1) x_6) 0), (>= (* (- 1) x_6) 0),THEORY_ARITH, THEORY_SAT_SOLVER)
TheoryEngine::assertToTheory((>= x_6 0), (>= x_6 0),THEORY_ARITH, THEORY_SAT_SOLVER)
TheoryEngine::assertToTheory((= @purify_41 40.0), (= @purify_41 40.0),THEORY_ARITH, THEORY_SAT_SOLVER)
TheoryEngine::assertToTheory((not (>= x_6 10)), (not (>= x_6 10)),THEORY_ARITH, THEORY_SAT_SOLVER)
TheoryEngine::assertToTheory((>= (* (- 1) x_6) (- 10)), (>= (* (- 1) x_6) (- 10)),THEORY_ARITH, THEORY_SAT_SOLVER)
TheoryEngine::assertToTheory((not (>= x_6 40)), (not (>= x_6 40)),THEORY_ARITH, THEORY_SAT_SOLVER)
TheoryEngine::assertToTheory((>= x_2 0), (>= x_2 0),THEORY_ARITH, THEORY_SAT_SOLVER)
TheoryEngine::assertToTheory((>= (+ x_2 (* 2 x_11)) 20), (>= (+ x_2 (* 2 x_11)) 20),THEORY_ARITH, THEORY_SAT_SOLVER)
TheoryEngine::assertToTheory((>= (+ x_2 (* (/ (- 1) 6) x_11)) (/ (- 5) 3)), (>= (+ x_2 (* (/ (- 1) 6) x_11)) (/ (- 5) 3)),THEORY_ARITH, THEORY_SAT_SOLVER)
TheoryEngine::assertToTheory((>= (* (- 1) x_2) (- 5)), (>= (* (- 1) x_2) (- 5)),THEORY_ARITH, THEORY_SAT_SOLVER)
TheoryEngine::assertToTheory((>= (* (- 1) x_2) 0), (>= (* (- 1) x_2) 0),THEORY_ARITH, THEORY_SAT_SOLVER)
TheoryEngine::assertToTheory((>= x_2 (- 4)), (>= x_2 (- 4)),THEORY_ARITH, THEORY_SAT_SOLVER)
TheoryEngine::assertToTheory((>= (+ (* (- 1) x_6) x_11) 0), (>= (+ (* (- 1) x_6) x_11) 0),THEORY_ARITH, THEORY_SAT_SOLVER)
TheoryEngine::assertToTheory((>= (+ x_6 (* (- 1) x_11)) 0), (>= (+ x_6 (* (- 1) x_11)) 0),THEORY_ARITH, THEORY_SAT_SOLVER)
TheoryEngine::assertToTheory((>= (+ (* (- 1) x_2) (* (/ 1 5) x_3)) 4), (>= (+ (* (- 1) x_2) (* (/ 1 5) x_3)) 4),THEORY_ARITH, THEORY_SAT_SOLVER)
TheoryEngine::assertToTheory((>= (+ x_2 (* (/ (- 1) 5) x_3)) (- 4)), (>= (+ x_2 (* (/ (- 1) 5) x_3)) (- 4)),THEORY_ARITH, THEORY_SAT_SOLVER)
TheoryEngine::assertToTheory((>= (+ (* (- 1) x_2) x_7) 2), (>= (+ (* (- 1) x_2) x_7) 2),THEORY_ARITH, THEORY_SAT_SOLVER)
TheoryEngine::assertToTheory((>= (+ x_2 (* (- 1) x_7)) (- 2)), (>= (+ x_2 (* (- 1) x_7)) (- 2)),THEORY_ARITH, THEORY_SAT_SOLVER)
TheoryEngine::assertToTheory((>= (* (- 1) x_12) (- 8)), (>= (* (- 1) x_12) (- 8)),THEORY_ARITH, THEORY_SAT_SOLVER)
TheoryEngine::assertToTheory((>= x_12 8), (>= x_12 8),THEORY_ARITH, THEORY_SAT_SOLVER)
TheoryEngine::assertToTheory((>= (* (- 1) x_6) (- 40)), (>= (* (- 1) x_6) (- 40)),THEORY_ARITH, THEORY_SAT_SOLVER)
TheoryEngine::assertToTheory((= @purify_6 0.0), (= @purify_6 0.0),THEORY_ARITH, THEORY_SAT_SOLVER)
TheoryEngine::assertToTheory((not (>= (* (- 1) x_12) 0)), (not (>= (* (- 1) x_12) 0)),THEORY_ARITH, THEORY_SAT_SOLVER)
TheoryEngine::assertToTheory((= @purify_36 @purify_41), (= @purify_36 @purify_41),THEORY_ARITH, THEORY_SAT_SOLVER)
TheoryEngine::assertToTheory((= x_7 (+ (* (- 1) x_9) @purify_38)), (= x_7 (+ (* (- 1) x_9) @purify_38)),THEORY_ARITH, THEORY_SAT_SOLVER)
TheoryEngine::assertToTheory((= x_3 (+ (* (- 5) x_9) @purify_39)), (= x_3 (+ (* (- 5) x_9) @purify_39)),THEORY_ARITH, THEORY_SAT_SOLVER)
TheoryEngine::assertToTheory((= x_20 @purify_40), (= x_20 @purify_40),THEORY_ARITH, THEORY_SAT_SOLVER)
TheoryEngine::assertToTheory((not (= @purify_6 1.0)), (not (= @purify_6 1.0)),THEORY_ARITH, THEORY_SAT_SOLVER)
TheoryEngine::assertToTheory((>= (* (- 1) @purify_6) 0), (>= (* (- 1) @purify_6) 0),THEORY_ARITH, THEORY_SAT_SOLVER)
TheoryEngine::assertToTheory((>= x_12 0), (>= x_12 0),THEORY_ARITH, THEORY_SAT_SOLVER)
TheoryEngine::assertToTheory((not (>= @purify_6 1)), (not (>= @purify_6 1)),THEORY_ARITH, THEORY_SAT_SOLVER)
TheoryEngine::assertToTheory((= @purify_5 1.0), (= @purify_5 1.0),THEORY_ARITH, THEORY_SAT_SOLVER)
TheoryEngine::assertToTheory((not (= @purify_5 0.0)), (not (= @purify_5 0.0)),THEORY_ARITH, THEORY_SAT_SOLVER)
TheoryEngine::assertToTheory((>= @purify_5 1), (>= @purify_5 1),THEORY_ARITH, THEORY_SAT_SOLVER)
TheoryEngine::assertToTheory((not (>= (* (- 1) @purify_5) 0)), (not (>= (* (- 1) @purify_5) 0)),THEORY_ARITH, THEORY_SAT_SOLVER)
TheoryEngine::assertToTheory((= @purify_4 0.0), (= @purify_4 0.0),THEORY_ARITH, THEORY_SAT_SOLVER)
TheoryEngine::assertToTheory((not (= @purify_4 1.0)), (not (= @purify_4 1.0)),THEORY_ARITH, THEORY_SAT_SOLVER)
TheoryEngine::assertToTheory((>= (* (- 1) @purify_4) 0), (>= (* (- 1) @purify_4) 0),THEORY_ARITH, THEORY_SAT_SOLVER)
TheoryEngine::assertToTheory((not (>= @purify_4 1)), (not (>= @purify_4 1)),THEORY_ARITH, THEORY_SAT_SOLVER)
TheoryEngine::assertToTheory((>= (+ (* (- 1) x_25) @purify_33) 0), (>= (+ (* (- 1) x_25) @purify_33) 0),THEORY_ARITH, THEORY_SAT_SOLVER)
TheoryEngine::assertToTheory((>= (+ x_25 (* (- 1) @purify_33)) 0), (>= (+ x_25 (* (- 1) @purify_33)) 0),THEORY_ARITH, THEORY_SAT_SOLVER)
TheoryEngine::assertToTheory((>= (+ (* (- 1) x_22) @purify_32) 0), (>= (+ (* (- 1) x_22) @purify_32) 0),THEORY_ARITH, THEORY_SAT_SOLVER)
TheoryEngine::assertToTheory((>= (+ x_22 (* (- 1) @purify_32)) 0), (>= (+ x_22 (* (- 1) @purify_32)) 0),THEORY_ARITH, THEORY_SAT_SOLVER)
TheoryEngine::assertToTheory((>= (+ (* (- 1) x_26) @purify_31) 0), (>= (+ (* (- 1) x_26) @purify_31) 0),THEORY_ARITH, THEORY_SAT_SOLVER)
TheoryEngine::assertToTheory((>= (+ x_26 (* (- 1) @purify_31)) 0), (>= (+ x_26 (* (- 1) @purify_31)) 0),THEORY_ARITH, THEORY_SAT_SOLVER)
TheoryEngine::assertToTheory((>= (* (- 1) x_30) (- 8)), (>= (* (- 1) x_30) (- 8)),THEORY_ARITH, THEORY_SAT_SOLVER)
TheoryEngine::assertToTheory((>= x_30 8), (>= x_30 8),THEORY_ARITH, THEORY_SAT_SOLVER)
TheoryEngine::assertToTheory((not (>= (* (- 1) x_30) (- 7))), (not (>= (* (- 1) x_30) (- 7))),THEORY_ARITH, THEORY_SAT_SOLVER)
TheoryEngine::assertToTheory((= @purify_3 1.0), (= @purify_3 1.0),THEORY_ARITH, THEORY_SAT_SOLVER)
TheoryEngine::assertToTheory((>= x_30 7), (>= x_30 7),THEORY_ARITH, THEORY_SAT_SOLVER)
TheoryEngine::assertToTheory((not (= @purify_3 0.0)), (not (= @purify_3 0.0)),THEORY_ARITH, THEORY_SAT_SOLVER)
TheoryEngine::assertToTheory((>= @purify_3 1), (>= @purify_3 1),THEORY_ARITH, THEORY_SAT_SOLVER)
TheoryEngine::assertToTheory((not (>= (* (- 1) x_30) (- 6))), (not (>= (* (- 1) x_30) (- 6))),THEORY_ARITH, THEORY_SAT_SOLVER)
TheoryEngine::assertToTheory((not (>= (* (- 1) @purify_3) 0)), (not (>= (* (- 1) @purify_3) 0)),THEORY_ARITH, THEORY_SAT_SOLVER)
TheoryEngine::assertToTheory((>= x_30 6), (>= x_30 6),THEORY_ARITH, THEORY_SAT_SOLVER)
TheoryEngine::assertToTheory((= @purify_2 0.0), (= @purify_2 0.0),THEORY_ARITH, THEORY_SAT_SOLVER)
TheoryEngine::assertToTheory((not (>= (* (- 1) x_30) (- 5))), (not (>= (* (- 1) x_30) (- 5))),THEORY_ARITH, THEORY_SAT_SOLVER)
TheoryEngine::assertToTheory((not (= @purify_2 1.0)), (not (= @purify_2 1.0)),THEORY_ARITH, THEORY_SAT_SOLVER)
TheoryEngine::assertToTheory((>= (* (- 1) @purify_2) 0), (>= (* (- 1) @purify_2) 0),THEORY_ARITH, THEORY_SAT_SOLVER)
TheoryEngine::assertToTheory((>= x_30 5), (>= x_30 5),THEORY_ARITH, THEORY_SAT_SOLVER)
TheoryEngine::assertToTheory((not (>= @purify_2 1)), (not (>= @purify_2 1)),THEORY_ARITH, THEORY_SAT_SOLVER)
TheoryEngine::assertToTheory((>= (+ (* (- 1) x_43) @purify_19) 0), (>= (+ (* (- 1) x_43) @purify_19) 0),THEORY_ARITH, THEORY_SAT_SOLVER)
TheoryEngine::assertToTheory((>= (+ x_43 (* (- 1) @purify_19)) 0), (>= (+ x_43 (* (- 1) @purify_19)) 0),THEORY_ARITH, THEORY_SAT_SOLVER)
TheoryEngine::assertToTheory((>= (+ (* (- 1) x_40) @purify_18) 0), (>= (+ (* (- 1) x_40) @purify_18) 0),THEORY_ARITH, THEORY_SAT_SOLVER)
TheoryEngine::assertToTheory((>= (+ x_40 (* (- 1) @purify_18)) 0), (>= (+ x_40 (* (- 1) @purify_18)) 0),THEORY_ARITH, THEORY_SAT_SOLVER)
TheoryEngine::assertToTheory((>= (+ (* (- 1) x_44) @purify_17) 0), (>= (+ (* (- 1) x_44) @purify_17) 0),THEORY_ARITH, THEORY_SAT_SOLVER)
TheoryEngine::assertToTheory((>= (+ x_44 (* (- 1) @purify_17)) 0), (>= (+ x_44 (* (- 1) @purify_17)) 0),THEORY_ARITH, THEORY_SAT_SOLVER)
TheoryEngine::assertToTheory((>= (* (- 1) x_48) (- 8)), (>= (* (- 1) x_48) (- 8)),THEORY_ARITH, THEORY_SAT_SOLVER)
TheoryEngine::assertToTheory((>= x_48 8), (>= x_48 8),THEORY_ARITH, THEORY_SAT_SOLVER)
TheoryEngine::assertToTheory((not (>= (* (- 1) x_30) (- 4))), (not (>= (* (- 1) x_30) (- 4))),THEORY_ARITH, THEORY_SAT_SOLVER)
TheoryEngine::assertToTheory((not (>= (* (- 1) x_48) (- 7))), (not (>= (* (- 1) x_48) (- 7))),THEORY_ARITH, THEORY_SAT_SOLVER)
TheoryEngine::assertToTheory((>= x_30 4), (>= x_30 4),THEORY_ARITH, THEORY_SAT_SOLVER)
TheoryEngine::assertToTheory((= @purify_1 1.0), (= @purify_1 1.0),THEORY_ARITH, THEORY_SAT_SOLVER)
TheoryEngine::assertToTheory((>= x_48 7), (>= x_48 7),THEORY_ARITH, THEORY_SAT_SOLVER)
TheoryEngine::assertToTheory((not (>= (* (- 1) x_30) (- 3))), (not (>= (* (- 1) x_30) (- 3))),THEORY_ARITH, THEORY_SAT_SOLVER)
TheoryEngine::assertToTheory((not (= @purify_1 0.0)), (not (= @purify_1 0.0)),THEORY_ARITH, THEORY_SAT_SOLVER)
TheoryEngine::assertToTheory((not (>= (* (- 1) x_48) (- 6))), (not (>= (* (- 1) x_48) (- 6))),THEORY_ARITH, THEORY_SAT_SOLVER)
TheoryEngine::assertToTheory((>= x_30 3), (>= x_30 3),THEORY_ARITH, THEORY_SAT_SOLVER)
TheoryEngine::assertToTheory((>= x_48 6), (>= x_48 6),THEORY_ARITH, THEORY_SAT_SOLVER)
TheoryEngine::assertToTheory((not (>= (* (- 1) x_30) (- 2))), (not (>= (* (- 1) x_30) (- 2))),THEORY_ARITH, THEORY_SAT_SOLVER)
TheoryEngine::assertToTheory((not (>= (* (- 1) x_48) (- 5))), (not (>= (* (- 1) x_48) (- 5))),THEORY_ARITH, THEORY_SAT_SOLVER)
TheoryEngine::assertToTheory((>= x_30 2), (>= x_30 2),THEORY_ARITH, THEORY_SAT_SOLVER)
TheoryEngine::assertToTheory((>= x_48 5), (>= x_48 5),THEORY_ARITH, THEORY_SAT_SOLVER)
TheoryEngine::assertToTheory((not (>= (* (- 1) x_30) (- 1))), (not (>= (* (- 1) x_30) (- 1))),THEORY_ARITH, THEORY_SAT_SOLVER)
TheoryEngine::assertToTheory((not (>= (* (- 1) x_48) (- 4))), (not (>= (* (- 1) x_48) (- 4))),THEORY_ARITH, THEORY_SAT_SOLVER)
TheoryEngine::assertToTheory((>= x_30 1), (>= x_30 1),THEORY_ARITH, THEORY_SAT_SOLVER)
TheoryEngine::assertToTheory((>= x_48 4), (>= x_48 4),THEORY_ARITH, THEORY_SAT_SOLVER)
TheoryEngine::assertToTheory((not (>= (* (- 1) x_30) 0)), (not (>= (* (- 1) x_30) 0)),THEORY_ARITH, THEORY_SAT_SOLVER)
TheoryEngine::assertToTheory((not (>= (* (- 1) x_48) (- 3))), (not (>= (* (- 1) x_48) (- 3))),THEORY_ARITH, THEORY_SAT_SOLVER)
TheoryEngine::assertToTheory((>= x_30 0), (>= x_30 0),THEORY_ARITH, THEORY_SAT_SOLVER)
TheoryEngine::assertToTheory((>= x_48 3), (>= x_48 3),THEORY_ARITH, THEORY_SAT_SOLVER)
TheoryEngine::assertToTheory((not (>= (* (- 1) x_48) (- 2))), (not (>= (* (- 1) x_48) (- 2))),THEORY_ARITH, THEORY_SAT_SOLVER)
TheoryEngine::assertToTheory((>= x_48 2), (>= x_48 2),THEORY_ARITH, THEORY_SAT_SOLVER)
TheoryEngine::assertToTheory((not (>= (* (- 1) x_48) (- 1))), (not (>= (* (- 1) x_48) (- 1))),THEORY_ARITH, THEORY_SAT_SOLVER)
TheoryEngine::assertToTheory((>= x_48 1), (>= x_48 1),THEORY_ARITH, THEORY_SAT_SOLVER)
TheoryEngine::assertToTheory((not (>= (* (- 1) x_48) 0)), (not (>= (* (- 1) x_48) 0)),THEORY_ARITH, THEORY_SAT_SOLVER)
TheoryEngine::assertToTheory((>= x_48 0), (>= x_48 0),THEORY_ARITH, THEORY_SAT_SOLVER)

--------------------------------------------
Assertions of THEORY_BUILTIN: 
--------------------------------------------
Assertions of THEORY_BOOL: 
--------------------------------------------
Assertions of THEORY_ARITH: 
[0]: (>= (* (- 1) @purify_1) (- 1))
[1]: (>= @purify_1 0)
[2]: (>= (* (- 1) @purify_2) (- 1))
[3]: (>= @purify_2 0)
[4]: (>= (* (- 1) @purify_3) (- 1))
[5]: (>= @purify_3 0)
[6]: (>= (* (- 1) @purify_4) (- 1))
[7]: (>= @purify_4 0)
[8]: (>= (* (- 1) @purify_5) (- 1))
[9]: (>= @purify_5 0)
[10]: (>= (* (- 1) @purify_6) (- 1))
[11]: (>= @purify_6 0)
[12]: (>= x_54 0)
[13]: (>= x_56 0)
[14]: (>= x_45 0)
[15]: (>= x_47 0)
[16]: (>= x_36 0)
[17]: (>= x_38 0)
[18]: (>= x_27 0)
[19]: (>= x_29 0)
[20]: (>= x_18 0)
[21]: (>= x_20 0)
[22]: (>= x_9 0)
[23]: (>= x_11 0)
[24]: (not (= x_6 @purify_41))
[25]: (>= (* (- 1) x_6) 0)
[26]: (>= x_6 0)
[27]: (= @purify_41 40.0)
[28]: (not (>= x_6 10))
[29]: (>= (* (- 1) x_6) (- 10))
[30]: (not (>= x_6 40))
[31]: (>= x_2 0)
[32]: (>= (+ x_2 (* 2 x_11)) 20)
[33]: (>= (+ x_2 (* (/ (- 1) 6) x_11)) (/ (- 5) 3))
[34]: (>= (* (- 1) x_2) (- 5))
[35]: (>= (* (- 1) x_2) 0)
[36]: (>= x_2 (- 4))
[37]: (>= (+ (* (- 1) x_6) x_11) 0)
[38]: (>= (+ x_6 (* (- 1) x_11)) 0)
[39]: (>= (+ (* (- 1) x_2) (* (/ 1 5) x_3)) 4)
[40]: (>= (+ x_2 (* (/ (- 1) 5) x_3)) (- 4))
[41]: (>= (+ (* (- 1) x_2) x_7) 2)
[42]: (>= (+ x_2 (* (- 1) x_7)) (- 2))
[43]: (>= (* (- 1) x_12) (- 8))
[44]: (>= x_12 8)
[45]: (>= (* (- 1) x_6) (- 40))
[46]: (= @purify_6 0.0)
[47]: (not (>= (* (- 1) x_12) 0))
[48]: (= @purify_36 @purify_41)
[49]: (= x_7 (+ (* (- 1) x_9) @purify_38))
[50]: (= x_3 (+ (* (- 5) x_9) @purify_39))
[51]: (= x_20 @purify_40)
[52]: (not (= @purify_6 1.0))
[53]: (>= (* (- 1) @purify_6) 0)
[54]: (>= x_12 0)
[55]: (not (>= @purify_6 1))
[56]: (= @purify_5 1.0)
[57]: (not (= @purify_5 0.0))
[58]: (>= @purify_5 1)
[59]: (not (>= (* (- 1) @purify_5) 0))
[60]: (= @purify_4 0.0)
[61]: (not (= @purify_4 1.0))
[62]: (>= (* (- 1) @purify_4) 0)
[63]: (not (>= @purify_4 1))
[64]: (>= (+ (* (- 1) x_25) @purify_33) 0)
[65]: (>= (+ x_25 (* (- 1) @purify_33)) 0)
[66]: (>= (+ (* (- 1) x_22) @purify_32) 0)
[67]: (>= (+ x_22 (* (- 1) @purify_32)) 0)
[68]: (>= (+ (* (- 1) x_26) @purify_31) 0)
[69]: (>= (+ x_26 (* (- 1) @purify_31)) 0)
[70]: (>= (* (- 1) x_30) (- 8))
[71]: (>= x_30 8)
[72]: (not (>= (* (- 1) x_30) (- 7)))
[73]: (= @purify_3 1.0)
[74]: (>= x_30 7)
[75]: (not (= @purify_3 0.0))
[76]: (>= @purify_3 1)
[77]: (not (>= (* (- 1) x_30) (- 6)))
[78]: (not (>= (* (- 1) @purify_3) 0))
[79]: (>= x_30 6)
[80]: (= @purify_2 0.0)
[81]: (not (>= (* (- 1) x_30) (- 5)))
[82]: (not (= @purify_2 1.0))
[83]: (>= (* (- 1) @purify_2) 0)
[84]: (>= x_30 5)
[85]: (not (>= @purify_2 1))
[86]: (>= (+ (* (- 1) x_43) @purify_19) 0)
[87]: (>= (+ x_43 (* (- 1) @purify_19)) 0)
[88]: (>= (+ (* (- 1) x_40) @purify_18) 0)
[89]: (>= (+ x_40 (* (- 1) @purify_18)) 0)
[90]: (>= (+ (* (- 1) x_44) @purify_17) 0)
[91]: (>= (+ x_44 (* (- 1) @purify_17)) 0)
[92]: (>= (* (- 1) x_48) (- 8))
[93]: (>= x_48 8)
[94]: (not (>= (* (- 1) x_30) (- 4)))
[95]: (not (>= (* (- 1) x_48) (- 7)))
[96]: (>= x_30 4)
[97]: (= @purify_1 1.0)
[98]: (>= x_48 7)
[99]: (not (>= (* (- 1) x_30) (- 3)))
[100]: (not (= @purify_1 0.0))
[101]: (not (>= (* (- 1) x_48) (- 6)))
[102]: (>= x_30 3)
[103]: (>= x_48 6)
[104]: (not (>= (* (- 1) x_30) (- 2)))
[105]: (not (>= (* (- 1) x_48) (- 5)))
[106]: (>= x_30 2)
[107]: (>= x_48 5)
[108]: (not (>= (* (- 1) x_30) (- 1)))
[109]: (not (>= (* (- 1) x_48) (- 4)))
[110]: (>= x_30 1)
[111]: (>= x_48 4)
[112]: (not (>= (* (- 1) x_30) 0))
[113]: (not (>= (* (- 1) x_48) (- 3)))
[114]: (>= x_30 0)
[115]: (>= x_48 3)
[116]: (not (>= (* (- 1) x_48) (- 2)))
[117]: (>= x_48 2)
[118]: (not (>= (* (- 1) x_48) (- 1)))
[119]: (>= x_48 1)
[120]: (not (>= (* (- 1) x_48) 0))
[121]: (>= x_48 0)
OutputChannel<THEORY_ARITH>::trustedLemma((LEMMA (or (<= x_6 @purify_41) (>= x_6 @purify_41)) null))
OutputChannel<THEORY_ARITH>::trustedConflict((and (>= (* (- 1) x_6) 0) (>= (* (- 1) x_2) (- 5)) (>= (+ x_2 (* 2 x_11)) 20) (>= (+ x_6 (* (- 1) x_11)) 0)))
TheoryEngine::conflict((and (>= (* (- 1) x_6) 0) (>= (* (- 1) x_2) (- 5)) (>= (+ x_2 (* 2 x_11)) 20) (>= (+ x_6 (* (- 1) x_11)) 0)), ARITH_CONF_SIMPLEX, THEORY_ARITH)
TheoryEngine::assertToTheory((not (>= (* (- 1) x_6) 0)), (not (>= (* (- 1) x_6) 0)),THEORY_ARITH, THEORY_SAT_SOLVER)
TheoryEngine::assertToTheory((>= x_6 0), (>= x_6 0),THEORY_ARITH, THEORY_SAT_SOLVER)
TheoryEngine::assertToTheory((= x_6 @purify_41), (= x_6 @purify_41),THEORY_ARITH, THEORY_SAT_SOLVER)

--------------------------------------------
Assertions of THEORY_BUILTIN: 
--------------------------------------------
Assertions of THEORY_BOOL: 
--------------------------------------------
Assertions of THEORY_ARITH: 
[0]: (>= (* (- 1) @purify_1) (- 1))
[1]: (>= @purify_1 0)
[2]: (>= (* (- 1) @purify_2) (- 1))
[3]: (>= @purify_2 0)
[4]: (>= (* (- 1) @purify_3) (- 1))
[5]: (>= @purify_3 0)
[6]: (>= (* (- 1) @purify_4) (- 1))
[7]: (>= @purify_4 0)
[8]: (>= (* (- 1) @purify_5) (- 1))
[9]: (>= @purify_5 0)
[10]: (>= (* (- 1) @purify_6) (- 1))
[11]: (>= @purify_6 0)
[12]: (>= x_54 0)
[13]: (>= x_56 0)
[14]: (>= x_45 0)
[15]: (>= x_47 0)
[16]: (>= x_36 0)
[17]: (>= x_38 0)
[18]: (>= x_27 0)
[19]: (>= x_29 0)
[20]: (>= x_18 0)
[21]: (>= x_20 0)
[22]: (>= x_9 0)
[23]: (>= x_11 0)
[24]: (not (>= (* (- 1) x_6) 0))
[25]: (>= x_6 0)
[26]: (= x_6 @purify_41)


Fatal failure within cvc5::internal::theory::arith::linear::Tableau::RowIterator cvc5::internal::theory::arith::linear::Tableau::basicRowIterator(cvc5::internal::theory::arith::linear::ArithVar) const at /home/duyc25/smt2smt/cvc5/src/./theory/arith/linear/tableau.h:137
Unreachable code reached 
Aborted